Archive member included to satisfy reference by file (symbol)

..\..\..\lib\ksdk_platform_lib\armgcc\KL03Z4\debug\libksdk_platform.a(fsl_os_abstraction_bm.c.obj)
                              CMakeFiles/coursework_5_tx.dir/C_/Users/Arymurti/Desktop/allofthem/EmbeddedVLC-main/software/lpuart_non_blocking_Tx_CW5/coursework_tx_main.c.obj (OSA_TimeDelay)
..\..\..\lib\ksdk_platform_lib\armgcc\KL03Z4\debug\libksdk_platform.a(fsl_clock_manager.c.obj)
                              CMakeFiles/coursework_5_tx.dir/C_/Users/Arymurti/Desktop/allofthem/EmbeddedVLC-main/software/lpuart_non_blocking_Tx_CW5/board.c.obj (CLOCK_SYS_SetMcgliteMode)
..\..\..\lib\ksdk_platform_lib\armgcc\KL03Z4\debug\libksdk_platform.a(fsl_clock_manager_common.c.obj)
                              ..\..\..\lib\ksdk_platform_lib\armgcc\KL03Z4\debug\libksdk_platform.a(fsl_clock_manager.c.obj) (g_oscBase)
..\..\..\lib\ksdk_platform_lib\armgcc\KL03Z4\debug\libksdk_platform.a(fsl_clock_MKL03Z4.c.obj)
                              CMakeFiles/coursework_5_tx.dir/C_/Users/Arymurti/Desktop/allofthem/EmbeddedVLC-main/software/lpuart_non_blocking_Tx_CW5/board.c.obj (CLOCK_SYS_SetSimConfigration)
..\..\..\lib\ksdk_platform_lib\armgcc\KL03Z4\debug\libksdk_platform.a(fsl_interrupt_manager.c.obj)
                              ..\..\..\lib\ksdk_platform_lib\armgcc\KL03Z4\debug\libksdk_platform.a(fsl_os_abstraction_bm.c.obj) (INT_SYS_InstallHandler)
..\..\..\lib\ksdk_platform_lib\armgcc\KL03Z4\debug\libksdk_platform.a(fsl_lptmr_hal.c.obj)
                              ..\..\..\lib\ksdk_platform_lib\armgcc\KL03Z4\debug\libksdk_platform.a(fsl_os_abstraction_bm.c.obj) (LPTMR_HAL_SetTimerWorkingMode)
..\..\..\lib\ksdk_platform_lib\armgcc\KL03Z4\debug\libksdk_platform.a(fsl_lpuart_hal.c.obj)
                              CMakeFiles/coursework_5_tx.dir/C_/Users/Arymurti/Desktop/allofthem/EmbeddedVLC-main/platform/utilities/src/fsl_debug_console.c.obj (LPUART_HAL_SetBaudRate)
..\..\..\lib\ksdk_platform_lib\armgcc\KL03Z4\debug\libksdk_platform.a(fsl_lpuart_driver.c.obj)
                              CMakeFiles/coursework_5_tx.dir/C_/Users/Arymurti/Desktop/allofthem/EmbeddedVLC-main/software/lpuart_non_blocking_Tx_CW5/coursework_tx_main.c.obj (LPUART_DRV_Init)
..\..\..\lib\ksdk_platform_lib\armgcc\KL03Z4\debug\libksdk_platform.a(fsl_lpuart_common.c.obj)
                              ..\..\..\lib\ksdk_platform_lib\armgcc\KL03Z4\debug\libksdk_platform.a(fsl_lpuart_driver.c.obj) (g_lpuartStatePtr)
..\..\..\lib\ksdk_platform_lib\armgcc\KL03Z4\debug\libksdk_platform.a(fsl_mcglite_hal.c.obj)
                              ..\..\..\lib\ksdk_platform_lib\armgcc\KL03Z4\debug\libksdk_platform.a(fsl_clock_manager.c.obj) (g_xtal0ClkFreq)
..\..\..\lib\ksdk_platform_lib\armgcc\KL03Z4\debug\libksdk_platform.a(fsl_mcglite_hal_modes.c.obj)
                              ..\..\..\lib\ksdk_platform_lib\armgcc\KL03Z4\debug\libksdk_platform.a(fsl_clock_manager.c.obj) (CLOCK_HAL_SetHircMode)
..\..\..\lib\ksdk_platform_lib\armgcc\KL03Z4\debug\libksdk_platform.a(fsl_osc_hal.c.obj)
                              ..\..\..\lib\ksdk_platform_lib\armgcc\KL03Z4\debug\libksdk_platform.a(fsl_clock_manager.c.obj) (OSC_HAL_SetCapacitor)
..\..\..\lib\ksdk_platform_lib\armgcc\KL03Z4\debug\libksdk_platform.a(fsl_rtc_driver.c.obj)
                              CMakeFiles/coursework_5_tx.dir/C_/Users/Arymurti/Desktop/allofthem/EmbeddedVLC-main/software/lpuart_non_blocking_Tx_CW5/coursework_tx_main.c.obj (RTC_DRV_Init)
..\..\..\lib\ksdk_platform_lib\armgcc\KL03Z4\debug\libksdk_platform.a(fsl_rtc_common.c.obj)
                              ..\..\..\lib\ksdk_platform_lib\armgcc\KL03Z4\debug\libksdk_platform.a(fsl_rtc_driver.c.obj) (g_rtcBase)
..\..\..\lib\ksdk_platform_lib\armgcc\KL03Z4\debug\libksdk_platform.a(fsl_sim_hal_MKL03Z4.c.obj)
                              ..\..\..\lib\ksdk_platform_lib\armgcc\KL03Z4\debug\libksdk_platform.a(fsl_clock_MKL03Z4.c.obj) (CLOCK_HAL_SetOutDiv)
..\..\..\lib\ksdk_platform_lib\armgcc\KL03Z4\debug\libksdk_platform.a(fsl_rtc_hal.c.obj)
                              ..\..\..\lib\ksdk_platform_lib\armgcc\KL03Z4\debug\libksdk_platform.a(fsl_rtc_driver.c.obj) (RTC_HAL_ConvertSecsToDatetime)
c:/progra~2/gnuarm~1/102020~1/bin/../lib/gcc/arm-none-eabi/10.2.1/../../../../arm-none-eabi/lib/thumb/v6-m/nofp\libc_nano.a(lib_a-assert.o)
                              CMakeFiles/coursework_5_tx.dir/C_/Users/Arymurti/Desktop/allofthem/EmbeddedVLC-main/software/lpuart_non_blocking_Tx_CW5/coursework_tx_main.c.obj (__assert_func)
c:/progra~2/gnuarm~1/102020~1/bin/../lib/gcc/arm-none-eabi/10.2.1/../../../../arm-none-eabi/lib/thumb/v6-m/nofp\libc_nano.a(lib_a-calloc.o)
                              ..\..\..\lib\ksdk_platform_lib\armgcc\KL03Z4\debug\libksdk_platform.a(fsl_os_abstraction_bm.c.obj) (calloc)
c:/progra~2/gnuarm~1/102020~1/bin/../lib/gcc/arm-none-eabi/10.2.1/../../../../arm-none-eabi/lib/thumb/v6-m/nofp\libc_nano.a(lib_a-errno.o)
[...]
Memory Configuration

Name             Origin             Length             Attributes
m_interrupts     0x00000000         0x00000100         xr
m_flash_config   0x00000400         0x00000010         xr
m_text           0x00000410         0x00007bf0         xr
m_data           0x1ffffe00         0x00000800         rw
*default*        0x00000000         0xffffffff

Linker script and memory map

LOAD c:/progra~2/gnuarm~1/102020~1/bin/../lib/gcc/arm-none-eabi/10.2.1/thumb/v6-m/nofp/crti.o
LOAD c:/progra~2/gnuarm~1/102020~1/bin/../lib/gcc/arm-none-eabi/10.2.1/thumb/v6-m/nofp/crtbegin.o
LOAD c:/progra~2/gnuarm~1/102020~1/bin/../lib/gcc/arm-none-eabi/10.2.1/../../../../arm-none-eabi/lib/thumb/v6-m/nofp/crt0.o
LOAD c:/progra~2/gnuarm~1/102020~1/bin/../lib/gcc/arm-none-eabi/10.2.1/../../../../arm-none-eabi/lib/thumb/v6-m/nofp\libm.a
                0x00000300                __stack_size__ = 0x300
                0x00000200                __heap_size__ = 0x200
LOAD CMakeFiles/coursework_5_tx.dir/C_/Users/Arymurti/Desktop/allofthem/EmbeddedVLC-main/platform/utilities/src/fsl_misc_utilities.c.obj
LOAD CMakeFiles/coursework_5_tx.dir/C_/Users/Arymurti/Desktop/allofthem/EmbeddedVLC-main/platform/devices/MKL03Z4/startup/gcc/startup_MKL03Z4.S.obj
LOAD CMakeFiles/coursework_5_tx.dir/C_/Users/Arymurti/Desktop/allofthem/EmbeddedVLC-main/software/lpuart_non_blocking_Tx_CW5/coursework_tx_main.c.obj
LOAD CMakeFiles/coursework_5_tx.dir/C_/Users/Arymurti/Desktop/allofthem/EmbeddedVLC-main/software/lpuart_non_blocking_Tx_CW5/fsl_lpuart_irq.c.obj
LOAD CMakeFiles/coursework_5_tx.dir/C_/Users/Arymurti/Desktop/allofthem/EmbeddedVLC-main/software/lpuart_non_blocking_Tx_CW5/hardware_init.c.obj
LOAD CMakeFiles/coursework_5_tx.dir/C_/Users/Arymurti/Desktop/allofthem/EmbeddedVLC-main/software/lpuart_non_blocking_Tx_CW5/SEGGER_RTT.c.obj
LOAD CMakeFiles/coursework_5_tx.dir/C_/Users/Arymurti/Desktop/allofthem/EmbeddedVLC-main/software/lpuart_non_blocking_Tx_CW5/SEGGER_RTT_printf.c.obj
LOAD CMakeFiles/coursework_5_tx.dir/C_/Users/Arymurti/Desktop/allofthem/EmbeddedVLC-main/software/lpuart_non_blocking_Tx_CW5/gpio_pins.c.obj
LOAD CMakeFiles/coursework_5_tx.dir/C_/Users/Arymurti/Desktop/allofthem/EmbeddedVLC-main/software/lpuart_non_blocking_Tx_CW5/pin_mux.c.obj
LOAD CMakeFiles/coursework_5_tx.dir/C_/Users/Arymurti/Desktop/allofthem/EmbeddedVLC-main/software/lpuart_non_blocking_Tx_CW5/board.c.obj
LOAD CMakeFiles/coursework_5_tx.dir/C_/Users/Arymurti/Desktop/allofthem/EmbeddedVLC-main/platform/utilities/src/fsl_debug_console.c.obj
LOAD CMakeFiles/coursework_5_tx.dir/C_/Users/Arymurti/Desktop/allofthem/EmbeddedVLC-main/platform/utilities/src/print_scan.c.obj
LOAD CMakeFiles/coursework_5_tx.dir/C_/Users/Arymurti/Desktop/allofthem/EmbeddedVLC-main/platform/devices/MKL03Z4/startup/system_MKL03Z4.c.obj
LOAD CMakeFiles/coursework_5_tx.dir/C_/Users/Arymurti/Desktop/allofthem/EmbeddedVLC-main/platform/devices/startup.c.obj
START GROUP
LOAD ..\..\..\lib\ksdk_platform_lib\armgcc\KL03Z4\debug\libksdk_platform.a
LOAD c:/progra~2/gnuarm~1/102020~1/bin/../lib/gcc/arm-none-eabi/10.2.1/../../../../arm-none-eabi/lib/thumb/v6-m/nofp\libm.a
LOAD c:/progra~2/gnuarm~1/102020~1/bin/../lib/gcc/arm-none-eabi/10.2.1/../../../../arm-none-eabi/lib/thumb/v6-m/nofp\libc_nano.a
LOAD c:/progra~2/gnuarm~1/102020~1/bin/../lib/gcc/arm-none-eabi/10.2.1/thumb/v6-m/nofp\libgcc.a
LOAD c:/progra~2/gnuarm~1/102020~1/bin/../lib/gcc/arm-none-eabi/10.2.1/../../../../arm-none-eabi/lib/thumb/v6-m/nofp\libnosys.a
END GROUP
START GROUP
LOAD c:/progra~2/gnuarm~1/102020~1/bin/../lib/gcc/arm-none-eabi/10.2.1/thumb/v6-m/nofp\libgcc.a
LOAD c:/progra~2/gnuarm~1/102020~1/bin/../lib/gcc/arm-none-eabi/10.2.1/../../../../arm-none-eabi/lib/thumb/v6-m/nofp\libg_nano.a
LOAD c:/progra~2/gnuarm~1/102020~1/bin/../lib/gcc/arm-none-eabi/10.2.1/../../../../arm-none-eabi/lib/thumb/v6-m/nofp\libc_nano.a
END GROUP
START GROUP
LOAD c:/progra~2/gnuarm~1/102020~1/bin/../lib/gcc/arm-none-eabi/10.2.1/thumb/v6-m/nofp\libgcc.a
LOAD c:/progra~2/gnuarm~1/102020~1/bin/../lib/gcc/arm-none-eabi/10.2.1/../../../../arm-none-eabi/lib/thumb/v6-m/nofp\libc_nano.a
END GROUP
LOAD c:/progra~2/gnuarm~1/102020~1/bin/../lib/gcc/arm-none-eabi/10.2.1/thumb/v6-m/nofp/crtend.o
LOAD c:/progra~2/gnuarm~1/102020~1/bin/../lib/gcc/arm-none-eabi/10.2.1/thumb/v6-m/nofp/crtn.o
                0x00000200                HEAP_SIZE = DEFINED (__heap_size__)?__heap_size__:0x200
                0x00000300                STACK_SIZE = DEFINED (__stack_size__)?__stack_size__:0x50
                0x00000000                M_VECTOR_RAM_SIZE = DEFINED (__ram_vector_table__)?0x100:0x0

.interrupts     0x00000000       0xc0
                0x00000000                __VECTOR_TABLE = .
                0x00000000                . = ALIGN (0x4)
 *(.isr_vector)
 .isr_vector    0x00000000       0xc0 CMakeFiles/coursework_5_tx.dir/C_/Users/Arymurti/Desktop/allofthem/EmbeddedVLC-main/platform/devices/MKL03Z4/startup/gcc/startup_MKL03Z4.S.obj
                0x00000000                __isr_vector
                0x000000c0                . = ALIGN (0x4)

.flash_config   0x00000400       0x10
                0x00000400                . = ALIGN (0x4)
 *(.FlashConfig)
 .FlashConfig   0x00000400       0x10 CMakeFiles/coursework_5_tx.dir/C_/Users/Arymurti/Desktop/allofthem/EmbeddedVLC-main/platform/devices/MKL03Z4/startup/gcc/startup_MKL03Z4.S.obj
                0x00000410                . = ALIGN (0x4)

.text           0x00000410     0x558c
                0x00000410                . = ALIGN (0x4)
 *(.text)
 .text          0x00000410       0x48 c:/progra~2/gnuarm~1/102020~1/bin/../lib/gcc/arm-none-eabi/10.2.1/thumb/v6-m/nofp/crtbegin.o
 .text          0x00000458       0x80 c:/progra~2/gnuarm~1/102020~1/bin/../lib/gcc/arm-none-eabi/10.2.1/../../../../arm-none-eabi/lib/thumb/v6-m/nofp/crt0.o
                0x00000458                _stack_init
                0x00000464                _start
                0x00000464                _mainCRTStartup
 .text          0x000004d8       0x18 CMakeFiles/coursework_5_tx.dir/C_/Users/Arymurti/Desktop/allofthem/EmbeddedVLC-main/platform/devices/MKL03Z4/startup/gcc/startup_MKL03Z4.S.obj
                0x000004d8                Reset_Handler
                0x000004e8                Reserved16_IRQHandler
                0x000004e8                I2C0_IRQHandler
                0x000004e8                HardFault_Handler
                0x000004e8                SysTick_Handler
                0x000004e8                PendSV_Handler
                0x000004e8                NMI_Handler
                0x000004e8                Reserved19_IRQHandler
                0x000004e8                Reserved29_IRQHandler
                0x000004e8                TPM0_IRQHandler
                0x000004e8                LLWU_IRQHandler
                0x000004e8                Reserved42_IRQHandler
                0x000004e8                ADC0_IRQHandler
                0x000004e8                Reserved39_IRQHandler
                0x000004e8                DefaultISR
                0x000004e8                Reserved25_IRQHandler
                0x000004e8                PORTB_IRQHandler
                0x000004e8                Reserved43_IRQHandler
                0x000004e8                RTC_IRQHandler
                0x000004e8                Reserved18_IRQHandler
                0x000004e8                Reserved27_IRQHandler
                0x000004e8                RTC_Seconds_IRQHandler
                0x000004e8                Reserved35_IRQHandler
                0x000004e8                Reserved20_IRQHandler
                0x000004e8                Reserved17_IRQHandler
                0x000004e8                Reserved41_IRQHandler
                0x000004e8                SVC_Handler
                0x000004e8                Reserved45_IRQHandler
                0x000004e8                Reserved30_IRQHandler
                0x000004e8                PMC_IRQHandler
                0x000004e8                TPM1_IRQHandler
                0x000004e8                SPI0_IRQHandler
                0x000004e8                PORTA_IRQHandler
                0x000004e8                FTFA_IRQHandler
                0x000004e8                Reserved40_IRQHandler
                0x000004e8                Reserved38_IRQHandler
                0x000004e8                LPTMR0_IRQHandler
                0x000004e8                CMP0_IRQHandler
 .text          0x000004f0        0xe c:/progra~2/gnuarm~1/102020~1/bin/../lib/gcc/arm-none-eabi/10.2.1/../../../../arm-none-eabi/lib/thumb/v6-m/nofp\libc_nano.a(lib_a-strlen.o)
                0x000004f0                strlen
 *fill*         0x000004fe        0x2 
 .text          0x00000500       0x14 c:/progra~2/gnuarm~1/102020~1/bin/../lib/gcc/arm-none-eabi/10.2.1/thumb/v6-m/nofp\libgcc.a(_thumb1_case_shi.o)
                0x00000500                __gnu_thumb1_case_shi
 .text          0x00000514      0x114 c:/progra~2/gnuarm~1/102020~1/bin/../lib/gcc/arm-none-eabi/10.2.1/thumb/v6-m/nofp\libgcc.a(_udivsi3.o)
                0x00000514                __aeabi_uidiv
                0x00000514                __udivsi3
                0x00000620                __aeabi_uidivmod
 .text          0x00000628      0x1d4 c:/progra~2/gnuarm~1/102020~1/bin/../lib/gcc/arm-none-eabi/10.2.1/thumb/v6-m/nofp\libgcc.a(_divsi3.o)
                0x00000628                __divsi3
                0x00000628                __aeabi_idiv
                0x000007f4                __aeabi_idivmod
 .text          0x000007fc        0x4 c:/progra~2/gnuarm~1/102020~1/bin/../lib/gcc/arm-none-eabi/10.2.1/thumb/v6-m/nofp\libgcc.a(_dvmd_tls.o)
                0x000007fc                __aeabi_idiv0
                0x000007fc                __aeabi_ldiv0
 *(.text*)
 .text._sbrk    0x00000800       0x5c CMakeFiles/coursework_5_tx.dir/C_/Users/Arymurti/Desktop/allofthem/EmbeddedVLC-main/platform/utilities/src/fsl_misc_utilities.c.obj
                0x00000800                _sbrk
 .text.PORT_HAL_SetMuxMode
                0x0000085c       0x50 CMakeFiles/coursework_5_tx.dir/C_/Users/Arymurti/Desktop/allofthem/EmbeddedVLC-main/software/lpuart_non_blocking_Tx_CW5/coursework_tx_main.c.obj
 .text.main     0x000008ac      0x4d4 CMakeFiles/coursework_5_tx.dir/C_/Users/Arymurti/Desktop/allofthem/EmbeddedVLC-main/software/lpuart_non_blocking_Tx_CW5/coursework_tx_main.c.obj
                0x000008ac                main
 .text.LPUART0_IRQHandler
                0x00000d80       0x10 CMakeFiles/coursework_5_tx.dir/C_/Users/Arymurti/Desktop/allofthem/EmbeddedVLC-main/software/lpuart_non_blocking_Tx_CW5/fsl_lpuart_irq.c.obj
                0x00000d80                LPUART0_IRQHandler
 .text._DoInit  0x00000d90       0xa0 CMakeFiles/coursework_5_tx.dir/C_/Users/Arymurti/Desktop/allofthem/EmbeddedVLC-main/software/lpuart_non_blocking_Tx_CW5/SEGGER_RTT.c.obj
 .text._WriteBlocking
                0x00000e30       0xb4 CMakeFiles/coursework_5_tx.dir/C_/Users/Arymurti/Desktop/allofthem/EmbeddedVLC-main/software/lpuart_non_blocking_Tx_CW5/SEGGER_RTT.c.obj
 .text._WriteNoCheck
                0x00000ee4       0x80 CMakeFiles/coursework_5_tx.dir/C_/Users/Arymurti/Desktop/allofthem/EmbeddedVLC-main/software/lpuart_non_blocking_Tx_CW5/SEGGER_RTT.c.obj
 .text._GetAvailWriteSpace
                0x00000f64       0x42 CMakeFiles/coursework_5_tx.dir/C_/Users/Arymurti/Desktop/allofthem/EmbeddedVLC-main/software/lpuart_non_blocking_Tx_CW5/SEGGER_RTT.c.obj
 *fill*         0x00000fa6        0x2 
 .text.SEGGER_RTT_ReadNoLock
                0x00000fa8      0x104 CMakeFiles/coursework_5_tx.dir/C_/Users/Arymurti/Desktop/allofthem/EmbeddedVLC-main/software/lpuart_non_blocking_Tx_CW5/SEGGER_RTT.c.obj
                0x00000fa8                SEGGER_RTT_ReadNoLock
 .text.SEGGER_RTT_Read
                0x000010ac       0x38 CMakeFiles/coursework_5_tx.dir/C_/Users/Arymurti/Desktop/allofthem/EmbeddedVLC-main/software/lpuart_non_blocking_Tx_CW5/SEGGER_RTT.c.obj
                0x000010ac                SEGGER_RTT_Read
 .text.SEGGER_RTT_WriteNoLock
                0x000010e4       0xb0 CMakeFiles/coursework_5_tx.dir/C_/Users/Arymurti/Desktop/allofthem/EmbeddedVLC-main/software/lpuart_non_blocking_Tx_CW5/SEGGER_RTT.c.obj
                0x000010e4                SEGGER_RTT_WriteNoLock
 .text.SEGGER_RTT_Write
                0x00001194       0x48 CMakeFiles/coursework_5_tx.dir/C_/Users/Arymurti/Desktop/allofthem/EmbeddedVLC-main/software/lpuart_non_blocking_Tx_CW5/SEGGER_RTT.c.obj
                0x00001194                SEGGER_RTT_Write
 .text.SEGGER_RTT_WriteString
                0x000011dc       0x2c CMakeFiles/coursework_5_tx.dir/C_/Users/Arymurti/Desktop/allofthem/EmbeddedVLC-main/software/lpuart_non_blocking_Tx_CW5/SEGGER_RTT.c.obj
                0x000011dc                SEGGER_RTT_WriteString
 .text.SEGGER_RTT_GetKey
                0x00001208       0x34 CMakeFiles/coursework_5_tx.dir/C_/Users/Arymurti/Desktop/allofthem/EmbeddedVLC-main/software/lpuart_non_blocking_Tx_CW5/SEGGER_RTT.c.obj
                0x00001208                SEGGER_RTT_GetKey
 .text.SEGGER_RTT_WaitKey
                0x0000123c       0x1e CMakeFiles/coursework_5_tx.dir/C_/Users/Arymurti/Desktop/allofthem/EmbeddedVLC-main/software/lpuart_non_blocking_Tx_CW5/SEGGER_RTT.c.obj
                0x0000123c                SEGGER_RTT_WaitKey
 *fill*         0x0000125a        0x2 
 .text.SEGGER_RTT_ConfigUpBuffer
                0x0000125c       0xd0 CMakeFiles/coursework_5_tx.dir/C_/Users/Arymurti/Desktop/allofthem/EmbeddedVLC-main/software/lpuart_non_blocking_Tx_CW5/SEGGER_RTT.c.obj
                0x0000125c                SEGGER_RTT_ConfigUpBuffer
 .text._StoreChar
                0x0000132c       0x80 CMakeFiles/coursework_5_tx.dir/C_/Users/Arymurti/Desktop/allofthem/EmbeddedVLC-main/software/lpuart_non_blocking_Tx_CW5/SEGGER_RTT_printf.c.obj
 .text._PrintUnsigned
                0x000013ac      0x168 CMakeFiles/coursework_5_tx.dir/C_/Users/Arymurti/Desktop/allofthem/EmbeddedVLC-main/software/lpuart_non_blocking_Tx_CW5/SEGGER_RTT_printf.c.obj
 .text._PrintInt
                0x00001514      0x150 CMakeFiles/coursework_5_tx.dir/C_/Users/Arymurti/Desktop/allofthem/EmbeddedVLC-main/software/lpuart_non_blocking_Tx_CW5/SEGGER_RTT_printf.c.obj
 .text.SEGGER_RTT_vprintf
                0x00001664      0x340 CMakeFiles/coursework_5_tx.dir/C_/Users/Arymurti/Desktop/allofthem/EmbeddedVLC-main/software/lpuart_non_blocking_Tx_CW5/SEGGER_RTT_printf.c.obj
                0x00001664                SEGGER_RTT_vprintf
 .text.SEGGER_RTT_printf
                0x000019a4       0x32 CMakeFiles/coursework_5_tx.dir/C_/Users/Arymurti/Desktop/allofthem/EmbeddedVLC-main/software/lpuart_non_blocking_Tx_CW5/SEGGER_RTT_printf.c.obj
                0x000019a4                SEGGER_RTT_printf
 *fill*         0x000019d6        0x2 
 .text.PORT_HAL_SetMuxMode
                0x000019d8       0x50 CMakeFiles/coursework_5_tx.dir/C_/Users/Arymurti/Desktop/allofthem/EmbeddedVLC-main/software/lpuart_non_blocking_Tx_CW5/board.c.obj
 .text.SMC_HAL_SetProtection
                0x00001a28       0x1e CMakeFiles/coursework_5_tx.dir/C_/Users/Arymurti/Desktop/allofthem/EmbeddedVLC-main/software/lpuart_non_blocking_Tx_CW5/board.c.obj
 .text.BOARD_InitOsc0
                0x00001a46       0x34 CMakeFiles/coursework_5_tx.dir/C_/Users/Arymurti/Desktop/allofthem/EmbeddedVLC-main/software/lpuart_non_blocking_Tx_CW5/board.c.obj
                0x00001a46                BOARD_InitOsc0
 *fill*         0x00001a7a        0x2 
 .text.CLOCK_SetBootConfig
                0x00001a7c       0x3c CMakeFiles/coursework_5_tx.dir/C_/Users/Arymurti/Desktop/allofthem/EmbeddedVLC-main/software/lpuart_non_blocking_Tx_CW5/board.c.obj
 .text.BOARD_ClockInit
                0x00001ab8       0x44 CMakeFiles/coursework_5_tx.dir/C_/Users/Arymurti/Desktop/allofthem/EmbeddedVLC-main/software/lpuart_non_blocking_Tx_CW5/board.c.obj
                0x00001ab8                BOARD_ClockInit
 .text._write   0x00001afc       0x58 CMakeFiles/coursework_5_tx.dir/C_/Users/Arymurti/Desktop/allofthem/EmbeddedVLC-main/platform/utilities/src/fsl_debug_console.c.obj
                0x00001afc                _write
 .text._read    0x00001b54       0x44 CMakeFiles/coursework_5_tx.dir/C_/Users/Arymurti/Desktop/allofthem/EmbeddedVLC-main/platform/utilities/src/fsl_debug_console.c.obj
                0x00001b54                _read
 .text.SystemInit
                0x00001b98       0x3c CMakeFiles/coursework_5_tx.dir/C_/Users/Arymurti/Desktop/allofthem/EmbeddedVLC-main/platform/devices/MKL03Z4/startup/system_MKL03Z4.c.obj
                0x00001b98                SystemInit
 .text.init_data_bss
                0x00001bd4       0xcc CMakeFiles/coursework_5_tx.dir/C_/Users/Arymurti/Desktop/allofthem/EmbeddedVLC-main/platform/devices/startup.c.obj
                0x00001bd4                init_data_bss
 .text.SIM_HAL_EnableClock
                0x00001ca0       0x5c ..\..\..\lib\ksdk_platform_lib\armgcc\KL03Z4\debug\libksdk_platform.a(fsl_os_abstraction_bm.c.obj)
 .text.CLOCK_SYS_EnableLptmrClock
                0x00001cfc       0x20 ..\..\..\lib\ksdk_platform_lib\armgcc\KL03Z4\debug\libksdk_platform.a(fsl_os_abstraction_bm.c.obj)
 .text.LPTMR_HAL_Enable
                0x00001d1c       0x1e ..\..\..\lib\ksdk_platform_lib\armgcc\KL03Z4\debug\libksdk_platform.a(fsl_os_abstraction_bm.c.obj)
 .text.LPTMR_HAL_Disable
                0x00001d3a       0x1e ..\..\..\lib\ksdk_platform_lib\armgcc\KL03Z4\debug\libksdk_platform.a(fsl_os_abstraction_bm.c.obj)
 .text.LPTMR_HAL_SetIntCmd
                0x00001d58       0x28 ..\..\..\lib\ksdk_platform_lib\armgcc\KL03Z4\debug\libksdk_platform.a(fsl_os_abstraction_bm.c.obj)
 .text.OSA_TimeInit
                0x00001d80       0x64 ..\..\..\lib\ksdk_platform_lib\armgcc\KL03Z4\debug\libksdk_platform.a(fsl_os_abstraction_bm.c.obj)
                0x00001d80                OSA_TimeInit
 .text.OSA_TimeDiff
                0x00001de4       0x30 ..\..\..\lib\ksdk_platform_lib\armgcc\KL03Z4\debug\libksdk_platform.a(fsl_os_abstraction_bm.c.obj)
                0x00001de4                OSA_TimeDiff
 .text.OSA_SemaCreate
                0x00001e14       0x50 ..\..\..\lib\ksdk_platform_lib\armgcc\KL03Z4\debug\libksdk_platform.a(fsl_os_abstraction_bm.c.obj)
                0x00001e14                OSA_SemaCreate
 .text.OSA_SemaPost
                0x00001e64       0x54 ..\..\..\lib\ksdk_platform_lib\armgcc\KL03Z4\debug\libksdk_platform.a(fsl_os_abstraction_bm.c.obj)
                0x00001e64                OSA_SemaPost
 .text.task_init
                0x00001eb8       0x60 ..\..\..\lib\ksdk_platform_lib\armgcc\KL03Z4\debug\libksdk_platform.a(fsl_os_abstraction_bm.c.obj)
                0x00001eb8                task_init
 .text.OSA_TimeDelay
                0x00001f18       0x36 ..\..\..\lib\ksdk_platform_lib\armgcc\KL03Z4\debug\libksdk_platform.a(fsl_os_abstraction_bm.c.obj)
                0x00001f18                OSA_TimeDelay
 *fill*         0x00001f4e        0x2 
 .text.OSA_TimeGetMsec
                0x00001f50       0x18 ..\..\..\lib\ksdk_platform_lib\armgcc\KL03Z4\debug\libksdk_platform.a(fsl_os_abstraction_bm.c.obj)
                0x00001f50                OSA_TimeGetMsec
 .text.OSA_Init
                0x00001f68       0x14 ..\..\..\lib\ksdk_platform_lib\armgcc\KL03Z4\debug\libksdk_platform.a(fsl_os_abstraction_bm.c.obj)
                0x00001f68                OSA_Init
 .text.CLOCK_HAL_SetLircSelMode
                0x00001f7c       0x2a ..\..\..\lib\ksdk_platform_lib\armgcc\KL03Z4\debug\libksdk_platform.a(fsl_clock_manager.c.obj)
 *fill*         0x00001fa6        0x2 
 .text.CLOCK_HAL_SetLircDiv2
                0x00001fa8       0x2c ..\..\..\lib\ksdk_platform_lib\armgcc\KL03Z4\debug\libksdk_platform.a(fsl_clock_manager.c.obj)
 .text.CLOCK_HAL_SetLircCmd
                0x00001fd4       0x2e ..\..\..\lib\ksdk_platform_lib\armgcc\KL03Z4\debug\libksdk_platform.a(fsl_clock_manager.c.obj)
 .text.CLOCK_HAL_SetLircStopCmd
                0x00002002       0x28 ..\..\..\lib\ksdk_platform_lib\armgcc\KL03Z4\debug\libksdk_platform.a(fsl_clock_manager.c.obj)
 .text.CLOCK_HAL_SetHircCmd
                0x0000202a       0x2c ..\..\..\lib\ksdk_platform_lib\armgcc\KL03Z4\debug\libksdk_platform.a(fsl_clock_manager.c.obj)
 .text.CLOCK_HAL_SetExtRefSelMode0
                0x00002056       0x2e ..\..\..\lib\ksdk_platform_lib\armgcc\KL03Z4\debug\libksdk_platform.a(fsl_clock_manager.c.obj)
 .text.CLOCK_HAL_IsOscStable
                0x00002084       0x26 ..\..\..\lib\ksdk_platform_lib\armgcc\KL03Z4\debug\libksdk_platform.a(fsl_clock_manager.c.obj)
 .text.OSC_HAL_SetExternalRefClkCmd
                0x000020aa       0x2a ..\..\..\lib\ksdk_platform_lib\armgcc\KL03Z4\debug\libksdk_platform.a(fsl_clock_manager.c.obj)
 .text.OSC_HAL_SetExternalRefClkInStopModeCmd
                0x000020d4       0x2a ..\..\..\lib\ksdk_platform_lib\armgcc\KL03Z4\debug\libksdk_platform.a(fsl_clock_manager.c.obj)
 *fill*         0x000020fe        0x2 
 .text.CLOCK_SYS_SetMcgliteMode
                0x00002100       0xec ..\..\..\lib\ksdk_platform_lib\armgcc\KL03Z4\debug\libksdk_platform.a(fsl_clock_manager.c.obj)
                0x00002100                CLOCK_SYS_SetMcgliteMode
 .text.CLOCK_SYS_OscInit
                0x000021ec       0xf0 ..\..\..\lib\ksdk_platform_lib\armgcc\KL03Z4\debug\libksdk_platform.a(fsl_clock_manager.c.obj)
                0x000021ec                CLOCK_SYS_OscInit
 .text.CLOCK_SYS_SetOscerConfigration
                0x000022dc       0x40 ..\..\..\lib\ksdk_platform_lib\armgcc\KL03Z4\debug\libksdk_platform.a(fsl_clock_manager.c.obj)
                0x000022dc                CLOCK_SYS_SetOscerConfigration
 .text.SIM_HAL_EnableClock
                0x0000231c       0x5c ..\..\..\lib\ksdk_platform_lib\armgcc\KL03Z4\debug\libksdk_platform.a(fsl_clock_MKL03Z4.c.obj)
 .text.CLOCK_HAL_GetLpuartSrc
                0x00002378       0x2c ..\..\..\lib\ksdk_platform_lib\armgcc\KL03Z4\debug\libksdk_platform.a(fsl_clock_MKL03Z4.c.obj)
 .text.CLOCK_HAL_SetExternalRefClock32kSrc
                0x000023a4       0x2c ..\..\..\lib\ksdk_platform_lib\armgcc\KL03Z4\debug\libksdk_platform.a(fsl_clock_MKL03Z4.c.obj)
 .text.OSC_HAL_GetExternalRefClkCmd
                0x000023d0       0x24 ..\..\..\lib\ksdk_platform_lib\armgcc\KL03Z4\debug\libksdk_platform.a(fsl_clock_MKL03Z4.c.obj)
 .text.CLOCK_SYS_SetSimConfigration
                0x000023f4       0x38 ..\..\..\lib\ksdk_platform_lib\armgcc\KL03Z4\debug\libksdk_platform.a(fsl_clock_MKL03Z4.c.obj)
                0x000023f4                CLOCK_SYS_SetSimConfigration
 .text.CLOCK_SYS_GetOsc0ExternalRefClockFreq
                0x0000242c       0x28 ..\..\..\lib\ksdk_platform_lib\armgcc\KL03Z4\debug\libksdk_platform.a(fsl_clock_MKL03Z4.c.obj)
                0x0000242c                CLOCK_SYS_GetOsc0ExternalRefClockFreq
 .text.CLOCK_SYS_GetLpuartFreq
                0x00002454       0x6c ..\..\..\lib\ksdk_platform_lib\armgcc\KL03Z4\debug\libksdk_platform.a(fsl_clock_MKL03Z4.c.obj)
                0x00002454                CLOCK_SYS_GetLpuartFreq
 .text.CLOCK_SYS_EnablePortClock
                0x000024c0       0x4c ..\..\..\lib\ksdk_platform_lib\armgcc\KL03Z4\debug\libksdk_platform.a(fsl_clock_MKL03Z4.c.obj)
                0x000024c0                CLOCK_SYS_EnablePortClock
 .text.CLOCK_SYS_EnableLpuartClock
                0x0000250c       0x40 ..\..\..\lib\ksdk_platform_lib\armgcc\KL03Z4\debug\libksdk_platform.a(fsl_clock_MKL03Z4.c.obj)
                0x0000250c                CLOCK_SYS_EnableLpuartClock
 .text.INT_SYS_EnableIRQGlobal
                0x0000254c       0x2c ..\..\..\lib\ksdk_platform_lib\armgcc\KL03Z4\debug\libksdk_platform.a(fsl_interrupt_manager.c.obj)
                0x0000254c                INT_SYS_EnableIRQGlobal
 .text.INT_SYS_DisableIRQGlobal
                0x00002578       0x1c ..\..\..\lib\ksdk_platform_lib\armgcc\KL03Z4\debug\libksdk_platform.a(fsl_interrupt_manager.c.obj)
                0x00002578                INT_SYS_DisableIRQGlobal
 .text.LPTMR_HAL_SetTimerWorkingMode
                0x00002594       0x5c ..\..\..\lib\ksdk_platform_lib\armgcc\KL03Z4\debug\libksdk_platform.a(fsl_lptmr_hal.c.obj)
                0x00002594                LPTMR_HAL_SetTimerWorkingMode
 .text.LPTMR_HAL_SetPrescalerMode
                0x000025f0       0x3e ..\..\..\lib\ksdk_platform_lib\armgcc\KL03Z4\debug\libksdk_platform.a(fsl_lptmr_hal.c.obj)
                0x000025f0                LPTMR_HAL_SetPrescalerMode
 *fill*         0x0000262e        0x2 
 .text.LPTMR_HAL_GetCounterValue
                0x00002630       0x30 ..\..\..\lib\ksdk_platform_lib\armgcc\KL03Z4\debug\libksdk_platform.a(fsl_lptmr_hal.c.obj)
                0x00002630                LPTMR_HAL_GetCounterValue
 .text.LPUART_HAL_Init
                0x00002660       0x44 ..\..\..\lib\ksdk_platform_lib\armgcc\KL03Z4\debug\libksdk_platform.a(fsl_lpuart_hal.c.obj)
                0x00002660                LPUART_HAL_Init
 .text.LPUART_HAL_SetBaudRate
                0x000026a4      0x170 ..\..\..\lib\ksdk_platform_lib\armgcc\KL03Z4\debug\libksdk_platform.a(fsl_lpuart_hal.c.obj)
                0x000026a4                LPUART_HAL_SetBaudRate
 .text.LPUART_HAL_SetBitCountPerChar
                0x00002814       0x52 ..\..\..\lib\ksdk_platform_lib\armgcc\KL03Z4\debug\libksdk_platform.a(fsl_lpuart_hal.c.obj)
                0x00002814                LPUART_HAL_SetBitCountPerChar
 .text.LPUART_HAL_SetParityMode
                0x00002866       0x46 ..\..\..\lib\ksdk_platform_lib\armgcc\KL03Z4\debug\libksdk_platform.a(fsl_lpuart_hal.c.obj)
                0x00002866                LPUART_HAL_SetParityMode
 .text.LPUART_HAL_SetIntMode
                0x000028ac      0x124 ..\..\..\lib\ksdk_platform_lib\armgcc\KL03Z4\debug\libksdk_platform.a(fsl_lpuart_hal.c.obj)
                0x000028ac                LPUART_HAL_SetIntMode
 .text.LPUART_HAL_GetStatusFlag
                0x000029d0       0xc0 ..\..\..\lib\ksdk_platform_lib\armgcc\KL03Z4\debug\libksdk_platform.a(fsl_lpuart_hal.c.obj)
                0x000029d0                LPUART_HAL_GetStatusFlag
 .text.LPUART_HAL_ClearStatusFlag
                0x00002a90       0xd4 ..\..\..\lib\ksdk_platform_lib\armgcc\KL03Z4\debug\libksdk_platform.a(fsl_lpuart_hal.c.obj)
                0x00002a90                LPUART_HAL_ClearStatusFlag
 .text.NVIC_EnableIRQ
                0x00002b64       0x2c ..\..\..\lib\ksdk_platform_lib\armgcc\KL03Z4\debug\libksdk_platform.a(fsl_lpuart_driver.c.obj)
 .text.LPUART_HAL_SetTransmitterCmd
                0x00002b90       0x2a ..\..\..\lib\ksdk_platform_lib\armgcc\KL03Z4\debug\libksdk_platform.a(fsl_lpuart_driver.c.obj)
 .text.LPUART_HAL_SetReceiverCmd
                0x00002bba       0x2a ..\..\..\lib\ksdk_platform_lib\armgcc\KL03Z4\debug\libksdk_platform.a(fsl_lpuart_driver.c.obj)
 .text.LPUART_HAL_SetStopBitCount
                0x00002be4       0x28 ..\..\..\lib\ksdk_platform_lib\armgcc\KL03Z4\debug\libksdk_platform.a(fsl_lpuart_driver.c.obj)
 .text.LPUART_HAL_Putchar
                0x00002c0c       0x1e ..\..\..\lib\ksdk_platform_lib\armgcc\KL03Z4\debug\libksdk_platform.a(fsl_lpuart_driver.c.obj)
 .text.LPUART_HAL_Getchar
                0x00002c2a       0x1c ..\..\..\lib\ksdk_platform_lib\armgcc\KL03Z4\debug\libksdk_platform.a(fsl_lpuart_driver.c.obj)
 *fill*         0x00002c46        0x2 
 .text.CLOCK_HAL_SetLpuartSrc
                0x00002c48       0x34 ..\..\..\lib\ksdk_platform_lib\armgcc\KL03Z4\debug\libksdk_platform.a(fsl_lpuart_driver.c.obj)
 .text.CLOCK_SYS_SetLpuartSrc
                0x00002c7c       0x28 ..\..\..\lib\ksdk_platform_lib\armgcc\KL03Z4\debug\libksdk_platform.a(fsl_lpuart_driver.c.obj)
 .text.INT_SYS_EnableIRQ
                0x00002ca4       0x5c ..\..\..\lib\ksdk_platform_lib\armgcc\KL03Z4\debug\libksdk_platform.a(fsl_lpuart_driver.c.obj)
 .text.LPUART_DRV_Init
                0x00002d00      0x130 ..\..\..\lib\ksdk_platform_lib\armgcc\KL03Z4\debug\libksdk_platform.a(fsl_lpuart_driver.c.obj)
                0x00002d00                LPUART_DRV_Init
 .text.LPUART_DRV_SendData
                0x00002e30       0x80 ..\..\..\lib\ksdk_platform_lib\armgcc\KL03Z4\debug\libksdk_platform.a(fsl_lpuart_driver.c.obj)
                0x00002e30                LPUART_DRV_SendData
 .text.LPUART_DRV_GetTransmitStatus
                0x00002eb0       0x70 ..\..\..\lib\ksdk_platform_lib\armgcc\KL03Z4\debug\libksdk_platform.a(fsl_lpuart_driver.c.obj)
                0x00002eb0                LPUART_DRV_GetTransmitStatus
 .text.LPUART_DRV_IRQHandler
                0x00002f20      0x170 ..\..\..\lib\ksdk_platform_lib\armgcc\KL03Z4\debug\libksdk_platform.a(fsl_lpuart_driver.c.obj)
                0x00002f20                LPUART_DRV_IRQHandler
 .text.LPUART_DRV_StartSendData
                0x00003090       0x90 ..\..\..\lib\ksdk_platform_lib\armgcc\KL03Z4\debug\libksdk_platform.a(fsl_lpuart_driver.c.obj)
 .text.LPUART_DRV_CompleteSendData
                0x00003120       0x78 ..\..\..\lib\ksdk_platform_lib\armgcc\KL03Z4\debug\libksdk_platform.a(fsl_lpuart_driver.c.obj)
 .text.LPUART_DRV_CompleteReceiveData
                0x00003198       0x88 ..\..\..\lib\ksdk_platform_lib\armgcc\KL03Z4\debug\libksdk_platform.a(fsl_lpuart_driver.c.obj)
 .text.CLOCK_HAL_GetClkSrcStat
                0x00003220       0x24 ..\..\..\lib\ksdk_platform_lib\armgcc\KL03Z4\debug\libksdk_platform.a(fsl_mcglite_hal.c.obj)
 .text.CLOCK_HAL_GetLircClk
                0x00003244       0x58 ..\..\..\lib\ksdk_platform_lib\armgcc\KL03Z4\debug\libksdk_platform.a(fsl_mcglite_hal.c.obj)
                0x00003244                CLOCK_HAL_GetLircClk
 .text.CLOCK_HAL_GetInternalRefClk
                0x0000329c       0x58 ..\..\..\lib\ksdk_platform_lib\armgcc\KL03Z4\debug\libksdk_platform.a(fsl_mcglite_hal.c.obj)
                0x0000329c                CLOCK_HAL_GetInternalRefClk
 .text.CLOCK_HAL_SetLircCmd
                0x000032f4       0x2e ..\..\..\lib\ksdk_platform_lib\armgcc\KL03Z4\debug\libksdk_platform.a(fsl_mcglite_hal_modes.c.obj)
 .text.CLOCK_HAL_SetHircCmd
                0x00003322       0x2c ..\..\..\lib\ksdk_platform_lib\armgcc\KL03Z4\debug\libksdk_platform.a(fsl_mcglite_hal_modes.c.obj)
 *fill*         0x0000334e        0x2 
 .text.CLOCK_HAL_GetClkSrcStat
                0x00003350       0x24 ..\..\..\lib\ksdk_platform_lib\armgcc\KL03Z4\debug\libksdk_platform.a(fsl_mcglite_hal_modes.c.obj)
 .text.CLOCK_HAL_IsOscStable
                0x00003374       0x26 ..\..\..\lib\ksdk_platform_lib\armgcc\KL03Z4\debug\libksdk_platform.a(fsl_mcglite_hal_modes.c.obj)
 .text.CLOCK_HAL_GetMode
                0x0000339a       0x88 ..\..\..\lib\ksdk_platform_lib\armgcc\KL03Z4\debug\libksdk_platform.a(fsl_mcglite_hal_modes.c.obj)
                0x0000339a                CLOCK_HAL_GetMode
 *fill*         0x00003422        0x2 
 .text.CLOCK_HAL_SetHircMode
                0x00003424       0x3c ..\..\..\lib\ksdk_platform_lib\armgcc\KL03Z4\debug\libksdk_platform.a(fsl_mcglite_hal_modes.c.obj)
                0x00003424                CLOCK_HAL_SetHircMode
 .text.CLOCK_HAL_SetLircMode
                0x00003460       0xb4 ..\..\..\lib\ksdk_platform_lib\armgcc\KL03Z4\debug\libksdk_platform.a(fsl_mcglite_hal_modes.c.obj)
                0x00003460                CLOCK_HAL_SetLircMode
 .text.CLOCK_HAL_SetExtMode
                0x00003514       0x70 ..\..\..\lib\ksdk_platform_lib\armgcc\KL03Z4\debug\libksdk_platform.a(fsl_mcglite_hal_modes.c.obj)
                0x00003514                CLOCK_HAL_SetExtMode
 .text.OSC_HAL_SetCapacitor
                0x00003584       0x2a ..\..\..\lib\ksdk_platform_lib\armgcc\KL03Z4\debug\libksdk_platform.a(fsl_osc_hal.c.obj)
                0x00003584                OSC_HAL_SetCapacitor
 *fill*         0x000035ae        0x2 
 .text.NVIC_EnableIRQ
                0x000035b0       0x2c ..\..\..\lib\ksdk_platform_lib\armgcc\KL03Z4\debug\libksdk_platform.a(fsl_rtc_driver.c.obj)
 .text.NVIC_ClearPendingIRQ
                0x000035dc       0x30 ..\..\..\lib\ksdk_platform_lib\armgcc\KL03Z4\debug\libksdk_platform.a(fsl_rtc_driver.c.obj)
 .text.INT_SYS_EnableIRQ
                0x0000360c       0x5c ..\..\..\lib\ksdk_platform_lib\armgcc\KL03Z4\debug\libksdk_platform.a(fsl_rtc_driver.c.obj)
 .text.SIM_HAL_EnableClock
                0x00003668       0x5c ..\..\..\lib\ksdk_platform_lib\armgcc\KL03Z4\debug\libksdk_platform.a(fsl_rtc_driver.c.obj)
 .text.CLOCK_SYS_EnableRtcClock
                0x000036c4       0x20 ..\..\..\lib\ksdk_platform_lib\armgcc\KL03Z4\debug\libksdk_platform.a(fsl_rtc_driver.c.obj)
 .text.RTC_DRV_Init
                0x000036e4       0x78 ..\..\..\lib\ksdk_platform_lib\armgcc\KL03Z4\debug\libksdk_platform.a(fsl_rtc_driver.c.obj)
                0x000036e4                RTC_DRV_Init
 .text.CLOCK_HAL_SetOutDiv
                0x0000375c       0x58 ..\..\..\lib\ksdk_platform_lib\armgcc\KL03Z4\debug\libksdk_platform.a(fsl_sim_hal_MKL03Z4.c.obj)
                0x0000375c                CLOCK_HAL_SetOutDiv
 .text.RTC_HAL_SetSecsReg
                0x000037b4       0x24 ..\..\..\lib\ksdk_platform_lib\armgcc\KL03Z4\debug\libksdk_platform.a(fsl_rtc_hal.c.obj)
 .text.RTC_HAL_SoftwareReset
                0x000037d8       0x20 ..\..\..\lib\ksdk_platform_lib\armgcc\KL03Z4\debug\libksdk_platform.a(fsl_rtc_hal.c.obj)
 .text.RTC_HAL_SoftwareResetFlagClear
                0x000037f8       0x20 ..\..\..\lib\ksdk_platform_lib\armgcc\KL03Z4\debug\libksdk_platform.a(fsl_rtc_hal.c.obj)
 .text.RTC_HAL_SetSecsIntCmd
                0x00003818       0x2a ..\..\..\lib\ksdk_platform_lib\armgcc\KL03Z4\debug\libksdk_platform.a(fsl_rtc_hal.c.obj)
 .text.RTC_HAL_SetAlarmIntCmd
                0x00003842       0x2a ..\..\..\lib\ksdk_platform_lib\armgcc\KL03Z4\debug\libksdk_platform.a(fsl_rtc_hal.c.obj)
 .text.RTC_HAL_SetTimeOverflowIntCmd
                0x0000386c       0x2a ..\..\..\lib\ksdk_platform_lib\armgcc\KL03Z4\debug\libksdk_platform.a(fsl_rtc_hal.c.obj)
 .text.RTC_HAL_SetTimeInvalidIntCmd
                0x00003896       0x28 ..\..\..\lib\ksdk_platform_lib\armgcc\KL03Z4\debug\libksdk_platform.a(fsl_rtc_hal.c.obj)
 .text.RTC_HAL_Init
                0x000038be       0x64 ..\..\..\lib\ksdk_platform_lib\armgcc\KL03Z4\debug\libksdk_platform.a(fsl_rtc_hal.c.obj)
                0x000038be                RTC_HAL_Init
 *fill*         0x00003922        0x2 
 .text.__assert_func
                0x00003924       0x3c c:/progra~2/gnuarm~1/102020~1/bin/../lib/gcc/arm-none-eabi/10.2.1/../../../../arm-none-eabi/lib/thumb/v6-m/nofp\libc_nano.a(lib_a-assert.o)
                0x00003924                __assert_func
 .text.__errno  0x00003960        0xc c:/progra~2/gnuarm~1/102020~1/bin/../lib/gcc/arm-none-eabi/10.2.1/../../../../arm-none-eabi/lib/thumb/v6-m/nofp\libc_nano.a(lib_a-errno.o)
                0x00003960                __errno
 .text.exit     0x0000396c       0x2c c:/progra~2/gnuarm~1/102020~1/bin/../lib/gcc/arm-none-eabi/10.2.1/../../../../arm-none-eabi/lib/thumb/v6-m/nofp\libc_nano.a(lib_a-exit.o)
                0x0000396c                exit
 .text.fprintf  0x00003998       0x20 c:/progra~2/gnuarm~1/102020~1/bin/../lib/gcc/arm-none-eabi/10.2.1/../../../../arm-none-eabi/lib/thumb/v6-m/nofp\libc_nano.a(lib_a-fprintf.o)
                0x00003998                fiprintf
                0x00003998                fprintf
 .text.__libc_init_array
                0x000039b8       0x48 c:/progra~2/gnuarm~1/102020~1/bin/../lib/gcc/arm-none-eabi/10.2.1/../../../../arm-none-eabi/lib/thumb/v6-m/nofp\libc_nano.a(lib_a-init.o)
                0x000039b8                __libc_init_array
 .text.memcpy   0x00003a00       0x12 c:/progra~2/gnuarm~1/102020~1/bin/../lib/gcc/arm-none-eabi/10.2.1/../../../../arm-none-eabi/lib/thumb/v6-m/nofp\libc_nano.a(lib_a-memcpy-stub.o)
                0x00003a00                memcpy
 .text.memset   0x00003a12       0x10 c:/progra~2/gnuarm~1/102020~1/bin/../lib/gcc/arm-none-eabi/10.2.1/../../../../arm-none-eabi/lib/thumb/v6-m/nofp\libc_nano.a(lib_a-memset.o)
                0x00003a12                memset
 *fill*         0x00003a22        0x2 
 .text._free_r  0x00003a24       0x94 c:/progra~2/gnuarm~1/102020~1/bin/../lib/gcc/arm-none-eabi/10.2.1/../../../../arm-none-eabi/lib/thumb/v6-m/nofp\libc_nano.a(lib_a-nano-freer.o)
                0x00003a24                _free_r
 .text._malloc_r
                0x00003ab8       0xbc c:/progra~2/gnuarm~1/102020~1/bin/../lib/gcc/arm-none-eabi/10.2.1/../../../../arm-none-eabi/lib/thumb/v6-m/nofp\libc_nano.a(lib_a-nano-mallocr.o)
                0x00003ab8                _malloc_r
 .text.__sfputc_r
                0x00003b74       0x2a c:/progra~2/gnuarm~1/102020~1/bin/../lib/gcc/arm-none-eabi/10.2.1/../../../../arm-none-eabi/lib/thumb/v6-m/nofp\libc_nano.a(lib_a-nano-vfprintf.o)
 .text.__sfputs_r
                0x00003b9e       0x24 c:/progra~2/gnuarm~1/102020~1/bin/../lib/gcc/arm-none-eabi/10.2.1/../../../../arm-none-eabi/lib/thumb/v6-m/nofp\libc_nano.a(lib_a-nano-vfprintf.o)
                0x00003b9e                __sfputs_r
 *fill*         0x00003bc2        0x2 
 .text._vfprintf_r
                0x00003bc4      0x274 c:/progra~2/gnuarm~1/102020~1/bin/../lib/gcc/arm-none-eabi/10.2.1/../../../../arm-none-eabi/lib/thumb/v6-m/nofp\libc_nano.a(lib_a-nano-vfprintf.o)
                0x00003bc4                _vfprintf_r
                0x00003bc4                _vfiprintf_r
 .text._printf_common
                0x00003e38       0xde c:/progra~2/gnuarm~1/102020~1/bin/../lib/gcc/arm-none-eabi/10.2.1/../../../../arm-none-eabi/lib/thumb/v6-m/nofp\libc_nano.a(lib_a-nano-vfprintf_i.o)
                0x00003e38                _printf_common
 *fill*         0x00003f16        0x2 
 .text._printf_i
                0x00003f18      0x224 c:/progra~2/gnuarm~1/102020~1/bin/../lib/gcc/arm-none-eabi/10.2.1/../../../../arm-none-eabi/lib/thumb/v6-m/nofp\libc_nano.a(lib_a-nano-vfprintf_i.o)
                0x00003f18                _printf_i
 .text._sbrk_r  0x0000413c       0x24 c:/progra~2/gnuarm~1/102020~1/bin/../lib/gcc/arm-none-eabi/10.2.1/../../../../arm-none-eabi/lib/thumb/v6-m/nofp\libc_nano.a(lib_a-sbrkr.o)
                0x0000413c                _sbrk_r
 .text.strcpy   0x00004160       0x10 c:/progra~2/gnuarm~1/102020~1/bin/../lib/gcc/arm-none-eabi/10.2.1/../../../../arm-none-eabi/lib/thumb/v6-m/nofp\libc_nano.a(lib_a-strcpy.o)
                0x00004160                strcpy
 .text.__swbuf_r
                0x00004170       0xac c:/progra~2/gnuarm~1/102020~1/bin/../lib/gcc/arm-none-eabi/10.2.1/../../../../arm-none-eabi/lib/thumb/v6-m/nofp\libc_nano.a(lib_a-wbuf.o)
                0x00004170                __swbuf_r
 .text.__swsetup_r
                0x0000421c       0xf0 c:/progra~2/gnuarm~1/102020~1/bin/../lib/gcc/arm-none-eabi/10.2.1/../../../../arm-none-eabi/lib/thumb/v6-m/nofp\libc_nano.a(lib_a-wsetup.o)
                0x0000421c                __swsetup_r
 .text.abort    0x0000430c        0xe c:/progra~2/gnuarm~1/102020~1/bin/../lib/gcc/arm-none-eabi/10.2.1/../../../../arm-none-eabi/lib/thumb/v6-m/nofp\libc_nano.a(lib_a-abort.o)
                0x0000430c                abort
 *fill*         0x0000431a        0x2 
 .text.__sflush_r
                0x0000431c      0x118 c:/progra~2/gnuarm~1/102020~1/bin/../lib/gcc/arm-none-eabi/10.2.1/../../../../arm-none-eabi/lib/thumb/v6-m/nofp\libc_nano.a(lib_a-fflush.o)
                0x0000431c                __sflush_r
 .text._fflush_r
                0x00004434       0x80 c:/progra~2/gnuarm~1/102020~1/bin/../lib/gcc/arm-none-eabi/10.2.1/../../../../arm-none-eabi/lib/thumb/v6-m/nofp\libc_nano.a(lib_a-fflush.o)
                0x00004434                _fflush_r
 .text.std      0x000044b4       0x48 c:/progra~2/gnuarm~1/102020~1/bin/../lib/gcc/arm-none-eabi/10.2.1/../../../../arm-none-eabi/lib/thumb/v6-m/nofp\libc_nano.a(lib_a-findfp.o)
 .text._cleanup_r
                0x000044fc       0x10 c:/progra~2/gnuarm~1/102020~1/bin/../lib/gcc/arm-none-eabi/10.2.1/../../../../arm-none-eabi/lib/thumb/v6-m/nofp\libc_nano.a(lib_a-findfp.o)
                0x000044fc                _cleanup_r
 .text.__sfmoreglue
                0x0000450c       0x2c c:/progra~2/gnuarm~1/102020~1/bin/../lib/gcc/arm-none-eabi/10.2.1/../../../../arm-none-eabi/lib/thumb/v6-m/nofp\libc_nano.a(lib_a-findfp.o)
                0x0000450c                __sfmoreglue
 .text.__sfp_lock_acquire
                0x00004538       0x10 c:/progra~2/gnuarm~1/102020~1/bin/../lib/gcc/arm-none-eabi/10.2.1/../../../../arm-none-eabi/lib/thumb/v6-m/nofp\libc_nano.a(lib_a-findfp.o)
                0x00004538                __sfp_lock_acquire
 .text.__sfp_lock_release
                0x00004548       0x10 c:/progra~2/gnuarm~1/102020~1/bin/../lib/gcc/arm-none-eabi/10.2.1/../../../../arm-none-eabi/lib/thumb/v6-m/nofp\libc_nano.a(lib_a-findfp.o)
                0x00004548                __sfp_lock_release
 .text.__sinit_lock_acquire
                0x00004558       0x10 c:/progra~2/gnuarm~1/102020~1/bin/../lib/gcc/arm-none-eabi/10.2.1/../../../../arm-none-eabi/lib/thumb/v6-m/nofp\libc_nano.a(lib_a-findfp.o)
                0x00004558                __sinit_lock_acquire
 .text.__sinit_lock_release
                0x00004568       0x10 c:/progra~2/gnuarm~1/102020~1/bin/../lib/gcc/arm-none-eabi/10.2.1/../../../../arm-none-eabi/lib/thumb/v6-m/nofp\libc_nano.a(lib_a-findfp.o)
                0x00004568                __sinit_lock_release
 .text.__sinit  0x00004578       0x70 c:/progra~2/gnuarm~1/102020~1/bin/../lib/gcc/arm-none-eabi/10.2.1/../../../../arm-none-eabi/lib/thumb/v6-m/nofp\libc_nano.a(lib_a-findfp.o)
                0x00004578                __sinit
 .text.__sfp    0x000045e8       0x90 c:/progra~2/gnuarm~1/102020~1/bin/../lib/gcc/arm-none-eabi/10.2.1/../../../../arm-none-eabi/lib/thumb/v6-m/nofp\libc_nano.a(lib_a-findfp.o)
                0x000045e8                __sfp
 .text._fwalk_reent
                0x00004678       0x40 c:/progra~2/gnuarm~1/102020~1/bin/../lib/gcc/arm-none-eabi/10.2.1/../../../../arm-none-eabi/lib/thumb/v6-m/nofp\libc_nano.a(lib_a-fwalk.o)
                0x00004678                _fwalk_reent
 .text.__retarget_lock_init_recursive
                0x000046b8        0x2 c:/progra~2/gnuarm~1/102020~1/bin/../lib/gcc/arm-none-eabi/10.2.1/../../../../arm-none-eabi/lib/thumb/v6-m/nofp\libc_nano.a(lib_a-lock.o)
                0x000046b8                __retarget_lock_init_recursive
 .text.__retarget_lock_acquire_recursive
                0x000046ba        0x2 c:/progra~2/gnuarm~1/102020~1/bin/../lib/gcc/arm-none-eabi/10.2.1/../../../../arm-none-eabi/lib/thumb/v6-m/nofp\libc_nano.a(lib_a-lock.o)
                0x000046ba                __retarget_lock_acquire_recursive
 .text.__retarget_lock_release_recursive
                0x000046bc        0x2 c:/progra~2/gnuarm~1/102020~1/bin/../lib/gcc/arm-none-eabi/10.2.1/../../../../arm-none-eabi/lib/thumb/v6-m/nofp\libc_nano.a(lib_a-lock.o)
                0x000046bc                __retarget_lock_release_recursive
 *fill*         0x000046be        0x2 
 .text.__swhatbuf_r
                0x000046c0       0x50 c:/progra~2/gnuarm~1/102020~1/bin/../lib/gcc/arm-none-eabi/10.2.1/../../../../arm-none-eabi/lib/thumb/v6-m/nofp\libc_nano.a(lib_a-makebuf.o)
                0x000046c0                __swhatbuf_r
 .text.__smakebuf_r
                0x00004710       0x88 c:/progra~2/gnuarm~1/102020~1/bin/../lib/gcc/arm-none-eabi/10.2.1/../../../../arm-none-eabi/lib/thumb/v6-m/nofp\libc_nano.a(lib_a-makebuf.o)
                0x00004710                __smakebuf_r
 .text.memchr   0x00004798       0x16 c:/progra~2/gnuarm~1/102020~1/bin/../lib/gcc/arm-none-eabi/10.2.1/../../../../arm-none-eabi/lib/thumb/v6-m/nofp\libc_nano.a(lib_a-memchr-stub.o)
                0x00004798                memchr
 *fill*         0x000047ae        0x2 
 .text.__malloc_lock
                0x000047b0       0x10 c:/progra~2/gnuarm~1/102020~1/bin/../lib/gcc/arm-none-eabi/10.2.1/../../../../arm-none-eabi/lib/thumb/v6-m/nofp\libc_nano.a(lib_a-mlock.o)
                0x000047b0                __malloc_lock
 .text.__malloc_unlock
                0x000047c0       0x10 c:/progra~2/gnuarm~1/102020~1/bin/../lib/gcc/arm-none-eabi/10.2.1/../../../../arm-none-eabi/lib/thumb/v6-m/nofp\libc_nano.a(lib_a-mlock.o)
                0x000047c0                __malloc_unlock
 .text._raise_r
                0x000047d0       0x54 c:/progra~2/gnuarm~1/102020~1/bin/../lib/gcc/arm-none-eabi/10.2.1/../../../../arm-none-eabi/lib/thumb/v6-m/nofp\libc_nano.a(lib_a-signal.o)
                0x000047d0                _raise_r
 .text.raise    0x00004824       0x14 c:/progra~2/gnuarm~1/102020~1/bin/../lib/gcc/arm-none-eabi/10.2.1/../../../../arm-none-eabi/lib/thumb/v6-m/nofp\libc_nano.a(lib_a-signal.o)
                0x00004824                raise
 .text._kill_r  0x00004838       0x24 c:/progra~2/gnuarm~1/102020~1/bin/../lib/gcc/arm-none-eabi/10.2.1/../../../../arm-none-eabi/lib/thumb/v6-m/nofp\libc_nano.a(lib_a-signalr.o)
                0x00004838                _kill_r
 .text._getpid_r
                0x0000485c        0x8 c:/progra~2/gnuarm~1/102020~1/bin/../lib/gcc/arm-none-eabi/10.2.1/../../../../arm-none-eabi/lib/thumb/v6-m/nofp\libc_nano.a(lib_a-signalr.o)
                0x0000485c                _getpid_r
 .text.__sread  0x00004864       0x28 c:/progra~2/gnuarm~1/102020~1/bin/../lib/gcc/arm-none-eabi/10.2.1/../../../../arm-none-eabi/lib/thumb/v6-m/nofp\libc_nano.a(lib_a-stdio.o)
                0x00004864                __sread
 .text.__swrite
                0x0000488c       0x38 c:/progra~2/gnuarm~1/102020~1/bin/../lib/gcc/arm-none-eabi/10.2.1/../../../../arm-none-eabi/lib/thumb/v6-m/nofp\libc_nano.a(lib_a-stdio.o)
                0x0000488c                __swrite
 .text.__sseek  0x000048c4       0x2c c:/progra~2/gnuarm~1/102020~1/bin/../lib/gcc/arm-none-eabi/10.2.1/../../../../arm-none-eabi/lib/thumb/v6-m/nofp\libc_nano.a(lib_a-stdio.o)
                0x000048c4                __sseek
 .text.__sclose
                0x000048f0        0xc c:/progra~2/gnuarm~1/102020~1/bin/../lib/gcc/arm-none-eabi/10.2.1/../../../../arm-none-eabi/lib/thumb/v6-m/nofp\libc_nano.a(lib_a-stdio.o)
                0x000048f0                __sclose
 .text._write_r
                0x000048fc       0x28 c:/progra~2/gnuarm~1/102020~1/bin/../lib/gcc/arm-none-eabi/10.2.1/../../../../arm-none-eabi/lib/thumb/v6-m/nofp\libc_nano.a(lib_a-writer.o)
                0x000048fc                _write_r
 .text._close_r
                0x00004924       0x24 c:/progra~2/gnuarm~1/102020~1/bin/../lib/gcc/arm-none-eabi/10.2.1/../../../../arm-none-eabi/lib/thumb/v6-m/nofp\libc_nano.a(lib_a-closer.o)
                0x00004924                _close_r
 .text._fstat_r
                0x00004948       0x24 c:/progra~2/gnuarm~1/102020~1/bin/../lib/gcc/arm-none-eabi/10.2.1/../../../../arm-none-eabi/lib/thumb/v6-m/nofp\libc_nano.a(lib_a-fstatr.o)
                0x00004948                _fstat_r
 .text._isatty_r
                0x0000496c       0x24 c:/progra~2/gnuarm~1/102020~1/bin/../lib/gcc/arm-none-eabi/10.2.1/../../../../arm-none-eabi/lib/thumb/v6-m/nofp\libc_nano.a(lib_a-isattyr.o)
                0x0000496c                _isatty_r
 .text._lseek_r
                0x00004990       0x28 c:/progra~2/gnuarm~1/102020~1/bin/../lib/gcc/arm-none-eabi/10.2.1/../../../../arm-none-eabi/lib/thumb/v6-m/nofp\libc_nano.a(lib_a-lseekr.o)
                0x00004990                _lseek_r
 .text._read_r  0x000049b8       0x28 c:/progra~2/gnuarm~1/102020~1/bin/../lib/gcc/arm-none-eabi/10.2.1/../../../../arm-none-eabi/lib/thumb/v6-m/nofp\libc_nano.a(lib_a-readr.o)
                0x000049b8                _read_r
 .text._close   0x000049e0       0x10 c:/progra~2/gnuarm~1/102020~1/bin/../lib/gcc/arm-none-eabi/10.2.1/../../../../arm-none-eabi/lib/thumb/v6-m/nofp\libnosys.a(close.o)
                0x000049e0                _close
 .text._fstat   0x000049f0       0x10 c:/progra~2/gnuarm~1/102020~1/bin/../lib/gcc/arm-none-eabi/10.2.1/../../../../arm-none-eabi/lib/thumb/v6-m/nofp\libnosys.a(fstat.o)
                0x000049f0                _fstat
 .text._getpid  0x00004a00       0x10 c:/progra~2/gnuarm~1/102020~1/bin/../lib/gcc/arm-none-eabi/10.2.1/../../../../arm-none-eabi/lib/thumb/v6-m/nofp\libnosys.a(getpid.o)
                0x00004a00                _getpid
 .text._isatty  0x00004a10       0x10 c:/progra~2/gnuarm~1/102020~1/bin/../lib/gcc/arm-none-eabi/10.2.1/../../../../arm-none-eabi/lib/thumb/v6-m/nofp\libnosys.a(isatty.o)
                0x00004a10                _isatty
 .text._kill    0x00004a20       0x10 c:/progra~2/gnuarm~1/102020~1/bin/../lib/gcc/arm-none-eabi/10.2.1/../../../../arm-none-eabi/lib/thumb/v6-m/nofp\libnosys.a(kill.o)
                0x00004a20                _kill
 .text._lseek   0x00004a30       0x10 c:/progra~2/gnuarm~1/102020~1/bin/../lib/gcc/arm-none-eabi/10.2.1/../../../../arm-none-eabi/lib/thumb/v6-m/nofp\libnosys.a(lseek.o)
                0x00004a30                _lseek
 .text._exit    0x00004a40        0x4 c:/progra~2/gnuarm~1/102020~1/bin/../lib/gcc/arm-none-eabi/10.2.1/../../../../arm-none-eabi/lib/thumb/v6-m/nofp\libnosys.a(_exit.o)
                0x00004a40                _exit
 *(.rodata)
 .rodata        0x00004a44      0x57b CMakeFiles/coursework_5_tx.dir/C_/Users/Arymurti/Desktop/allofthem/EmbeddedVLC-main/software/lpuart_non_blocking_Tx_CW5/coursework_tx_main.c.obj
 *fill*         0x00004fbf        0x1 
 .rodata        0x00004fc0       0x17 CMakeFiles/coursework_5_tx.dir/C_/Users/Arymurti/Desktop/allofthem/EmbeddedVLC-main/software/lpuart_non_blocking_Tx_CW5/SEGGER_RTT.c.obj
 *fill*         0x00004fd7        0x1 
 .rodata        0x00004fd8       0x70 CMakeFiles/coursework_5_tx.dir/C_/Users/Arymurti/Desktop/allofthem/EmbeddedVLC-main/software/lpuart_non_blocking_Tx_CW5/board.c.obj
 .rodata        0x00005048       0x76 ..\..\..\lib\ksdk_platform_lib\armgcc\KL03Z4\debug\libksdk_platform.a(fsl_os_abstraction_bm.c.obj)
 *fill*         0x000050be        0x2 
 .rodata        0x000050c0       0xe6 ..\..\..\lib\ksdk_platform_lib\armgcc\KL03Z4\debug\libksdk_platform.a(fsl_clock_manager.c.obj)
 *fill*         0x000051a6        0x2 
 .rodata        0x000051a8      0x1bc ..\..\..\lib\ksdk_platform_lib\armgcc\KL03Z4\debug\libksdk_platform.a(fsl_clock_MKL03Z4.c.obj)
 .rodata        0x00005364      0x11f ..\..\..\lib\ksdk_platform_lib\armgcc\KL03Z4\debug\libksdk_platform.a(fsl_lpuart_driver.c.obj)
 *fill*         0x00005483        0x1 
 .rodata        0x00005484      0x121 ..\..\..\lib\ksdk_platform_lib\armgcc\KL03Z4\debug\libksdk_platform.a(fsl_rtc_driver.c.obj)
 *(.rodata*)
 *fill*         0x000055a5        0x3 
 .rodata.buffStart
                0x000055a8       0x23 CMakeFiles/coursework_5_tx.dir/C_/Users/Arymurti/Desktop/allofthem/EmbeddedVLC-main/software/lpuart_non_blocking_Tx_CW5/coursework_tx_main.c.obj
                0x000055a8                buffStart
 *fill*         0x000055cb        0x1 
 .rodata.bufferData1
                0x000055cc       0x27 CMakeFiles/coursework_5_tx.dir/C_/Users/Arymurti/Desktop/allofthem/EmbeddedVLC-main/software/lpuart_non_blocking_Tx_CW5/coursework_tx_main.c.obj
                0x000055cc                bufferData1
 *fill*         0x000055f3        0x1 
 .rodata.main   0x000055f4       0x24 CMakeFiles/coursework_5_tx.dir/C_/Users/Arymurti/Desktop/allofthem/EmbeddedVLC-main/software/lpuart_non_blocking_Tx_CW5/coursework_tx_main.c.obj
 .rodata.__func__.0
                0x00005618       0x14 CMakeFiles/coursework_5_tx.dir/C_/Users/Arymurti/Desktop/allofthem/EmbeddedVLC-main/software/lpuart_non_blocking_Tx_CW5/coursework_tx_main.c.obj
 .rodata.SEGGER_RTT_vprintf
                0x0000562c       0x84 CMakeFiles/coursework_5_tx.dir/C_/Users/Arymurti/Desktop/allofthem/EmbeddedVLC-main/software/lpuart_non_blocking_Tx_CW5/SEGGER_RTT_printf.c.obj
 .rodata._aV2C.0
                0x000056b0       0x10 CMakeFiles/coursework_5_tx.dir/C_/Users/Arymurti/Desktop/allofthem/EmbeddedVLC-main/software/lpuart_non_blocking_Tx_CW5/SEGGER_RTT_printf.c.obj
 .rodata.g_defaultClockConfigRun
                0x000056c0        0xc CMakeFiles/coursework_5_tx.dir/C_/Users/Arymurti/Desktop/allofthem/EmbeddedVLC-main/software/lpuart_non_blocking_Tx_CW5/board.c.obj
                0x000056c0                g_defaultClockConfigRun
 .rodata.__func__.0
                0x000056cc       0x14 CMakeFiles/coursework_5_tx.dir/C_/Users/Arymurti/Desktop/allofthem/EmbeddedVLC-main/software/lpuart_non_blocking_Tx_CW5/board.c.obj
 .rodata.__func__.18
                0x000056e0        0xf ..\..\..\lib\ksdk_platform_lib\armgcc\KL03Z4\debug\libksdk_platform.a(fsl_os_abstraction_bm.c.obj)
 *fill*         0x000056ef        0x1 
 .rodata.__func__.16
                0x000056f0        0xd ..\..\..\lib\ksdk_platform_lib\armgcc\KL03Z4\debug\libksdk_platform.a(fsl_os_abstraction_bm.c.obj)
 *fill*         0x000056fd        0x3 
 .rodata.__func__.4
                0x00005700       0x19 ..\..\..\lib\ksdk_platform_lib\armgcc\KL03Z4\debug\libksdk_platform.a(fsl_clock_manager.c.obj)
 *fill*         0x00005719        0x3 
 .rodata.__func__.3
                0x0000571c       0x12 ..\..\..\lib\ksdk_platform_lib\armgcc\KL03Z4\debug\libksdk_platform.a(fsl_clock_manager.c.obj)
 *fill*         0x0000572e        0x2 
 .rodata.g_oscBase
                0x00005730        0x4 ..\..\..\lib\ksdk_platform_lib\armgcc\KL03Z4\debug\libksdk_platform.a(fsl_clock_manager_common.c.obj)
                0x00005730                g_oscBase
 .rodata.portGateTable
                0x00005734        0x2 ..\..\..\lib\ksdk_platform_lib\armgcc\KL03Z4\debug\libksdk_platform.a(fsl_clock_MKL03Z4.c.obj)
 *fill*         0x00005736        0x2 
 .rodata.__func__.17
                0x00005738       0x1a ..\..\..\lib\ksdk_platform_lib\armgcc\KL03Z4\debug\libksdk_platform.a(fsl_clock_MKL03Z4.c.obj)
 *fill*         0x00005752        0x2 
 .rodata.__func__.5
                0x00005754       0x1c ..\..\..\lib\ksdk_platform_lib\armgcc\KL03Z4\debug\libksdk_platform.a(fsl_clock_MKL03Z4.c.obj)
 .rodata.LPUART_HAL_SetIntMode
                0x00005770       0x14 ..\..\..\lib\ksdk_platform_lib\armgcc\KL03Z4\debug\libksdk_platform.a(fsl_lpuart_hal.c.obj)
 .rodata.LPUART_HAL_GetStatusFlag
                0x00005784       0x14 ..\..\..\lib\ksdk_platform_lib\armgcc\KL03Z4\debug\libksdk_platform.a(fsl_lpuart_hal.c.obj)
 .rodata.LPUART_HAL_ClearStatusFlag
                0x00005798       0x44 ..\..\..\lib\ksdk_platform_lib\armgcc\KL03Z4\debug\libksdk_platform.a(fsl_lpuart_hal.c.obj)
 .rodata.__func__.17
                0x000057dc       0x10 ..\..\..\lib\ksdk_platform_lib\armgcc\KL03Z4\debug\libksdk_platform.a(fsl_lpuart_driver.c.obj)
 .rodata.__func__.16
                0x000057ec       0x12 ..\..\..\lib\ksdk_platform_lib\armgcc\KL03Z4\debug\libksdk_platform.a(fsl_lpuart_driver.c.obj)
 *fill*         0x000057fe        0x2 
 .rodata.__func__.10
                0x00005800       0x14 ..\..\..\lib\ksdk_platform_lib\armgcc\KL03Z4\debug\libksdk_platform.a(fsl_lpuart_driver.c.obj)
 .rodata.__func__.9
                0x00005814       0x1d ..\..\..\lib\ksdk_platform_lib\armgcc\KL03Z4\debug\libksdk_platform.a(fsl_lpuart_driver.c.obj)
 *fill*         0x00005831        0x3 
 .rodata.__func__.3
                0x00005834       0x19 ..\..\..\lib\ksdk_platform_lib\armgcc\KL03Z4\debug\libksdk_platform.a(fsl_lpuart_driver.c.obj)
 *fill*         0x0000584d        0x3 
 .rodata.__func__.2
                0x00005850       0x1c ..\..\..\lib\ksdk_platform_lib\armgcc\KL03Z4\debug\libksdk_platform.a(fsl_lpuart_driver.c.obj)
 .rodata.__func__.0
                0x0000586c       0x1f ..\..\..\lib\ksdk_platform_lib\armgcc\KL03Z4\debug\libksdk_platform.a(fsl_lpuart_driver.c.obj)
 *fill*         0x0000588b        0x1 
 .rodata.g_lpuartBase
                0x0000588c        0x4 ..\..\..\lib\ksdk_platform_lib\armgcc\KL03Z4\debug\libksdk_platform.a(fsl_lpuart_common.c.obj)
                0x0000588c                g_lpuartBase
 .rodata.__func__.7
                0x00005890       0x12 ..\..\..\lib\ksdk_platform_lib\armgcc\KL03Z4\debug\libksdk_platform.a(fsl_rtc_driver.c.obj)
 *fill*         0x000058a2        0x2 
 .rodata.g_rtcBase
                0x000058a4        0x4 ..\..\..\lib\ksdk_platform_lib\armgcc\KL03Z4\debug\libksdk_platform.a(fsl_rtc_common.c.obj)
                0x000058a4                g_rtcBase
 .rodata.g_rtcIrqId
                0x000058a8        0x1 ..\..\..\lib\ksdk_platform_lib\armgcc\KL03Z4\debug\libksdk_platform.a(fsl_rtc_common.c.obj)
                0x000058a8                g_rtcIrqId
 *fill*         0x000058a9        0x3 
 .rodata.g_rtcSecondsIrqId
                0x000058ac        0x1 ..\..\..\lib\ksdk_platform_lib\armgcc\KL03Z4\debug\libksdk_platform.a(fsl_rtc_common.c.obj)
                0x000058ac                g_rtcSecondsIrqId
 .rodata.__assert_func.str1.1
                0x000058ad       0x3c c:/progra~2/gnuarm~1/102020~1/bin/../lib/gcc/arm-none-eabi/10.2.1/../../../../arm-none-eabi/lib/thumb/v6-m/nofp\libc_nano.a(lib_a-assert.o)
                                 0x3d (size before relaxing)
 *fill*         0x000058e9        0x3 
 .rodata._global_impure_ptr
                0x000058ec        0x4 c:/progra~2/gnuarm~1/102020~1/bin/../lib/gcc/arm-none-eabi/10.2.1/../../../../arm-none-eabi/lib/thumb/v6-m/nofp\libc_nano.a(lib_a-impure.o)
                0x000058ec                _global_impure_ptr
 .rodata._vfprintf_r.str1.1
                0x000058f0       0x11 c:/progra~2/gnuarm~1/102020~1/bin/../lib/gcc/arm-none-eabi/10.2.1/../../../../arm-none-eabi/lib/thumb/v6-m/nofp\libc_nano.a(lib_a-nano-vfprintf.o)
 .rodata._printf_i.str1.1
                0x00005901       0x22 c:/progra~2/gnuarm~1/102020~1/bin/../lib/gcc/arm-none-eabi/10.2.1/../../../../arm-none-eabi/lib/thumb/v6-m/nofp\libc_nano.a(lib_a-nano-vfprintf_i.o)
 *fill*         0x00005923        0x1 
 .rodata.__sf_fake_stderr
                0x00005924       0x20 c:/progra~2/gnuarm~1/102020~1/bin/../lib/gcc/arm-none-eabi/10.2.1/../../../../arm-none-eabi/lib/thumb/v6-m/nofp\libc_nano.a(lib_a-findfp.o)
                0x00005924                __sf_fake_stderr
 .rodata.__sf_fake_stdin
                0x00005944       0x20 c:/progra~2/gnuarm~1/102020~1/bin/../lib/gcc/arm-none-eabi/10.2.1/../../../../arm-none-eabi/lib/thumb/v6-m/nofp\libc_nano.a(lib_a-findfp.o)
                0x00005944                __sf_fake_stdin
 .rodata.__sf_fake_stdout
                0x00005964       0x20 c:/progra~2/gnuarm~1/102020~1/bin/../lib/gcc/arm-none-eabi/10.2.1/../../../../arm-none-eabi/lib/thumb/v6-m/nofp\libc_nano.a(lib_a-findfp.o)
                0x00005964                __sf_fake_stdout
 *(.glue_7)
 .glue_7        0x00005984        0x0 linker stubs
 *(.glue_7t)
 .glue_7t       0x00005984        0x0 linker stubs
 *(.eh_frame)
 .eh_frame      0x00005984        0x0 c:/progra~2/gnuarm~1/102020~1/bin/../lib/gcc/arm-none-eabi/10.2.1/thumb/v6-m/nofp/crtbegin.o
 *(.init)
 .init          0x00005984        0x4 c:/progra~2/gnuarm~1/102020~1/bin/../lib/gcc/arm-none-eabi/10.2.1/thumb/v6-m/nofp/crti.o
                0x00005984                _init
 .init          0x00005988        0x8 c:/progra~2/gnuarm~1/102020~1/bin/../lib/gcc/arm-none-eabi/10.2.1/thumb/v6-m/nofp/crtn.o
 *(.fini)
 .fini          0x00005990        0x4 c:/progra~2/gnuarm~1/102020~1/bin/../lib/gcc/arm-none-eabi/10.2.1/thumb/v6-m/nofp/crti.o
                0x00005990                _fini
 .fini          0x00005994        0x8 c:/progra~2/gnuarm~1/102020~1/bin/../lib/gcc/arm-none-eabi/10.2.1/thumb/v6-m/nofp/crtn.o
                0x0000599c                . = ALIGN (0x4)

.vfp11_veneer   0x0000599c        0x0
 .vfp11_veneer  0x0000599c        0x0 linker stubs

.v4_bx          0x0000599c        0x0
 .v4_bx         0x0000599c        0x0 linker stubs

.iplt           0x0000599c        0x0
 .iplt          0x0000599c        0x0 c:/progra~2/gnuarm~1/102020~1/bin/../lib/gcc/arm-none-eabi/10.2.1/thumb/v6-m/nofp/crtbegin.o

.ARM.extab
 *(.ARM.extab* .gnu.linkonce.armextab.*)

.ARM            0x0000599c        0x8
                0x0000599c                __exidx_start = .
 *(.ARM.exidx*)
 .ARM.exidx     0x0000599c        0x8 c:/progra~2/gnuarm~1/102020~1/bin/../lib/gcc/arm-none-eabi/10.2.1/../../../../arm-none-eabi/lib/thumb/v6-m/nofp/crt0.o
                                 0x10 (size before relaxing)
                0x000059a4                __exidx_end = .

.rel.dyn        0x000059a4        0x0
 .rel.iplt      0x000059a4        0x0 c:/progra~2/gnuarm~1/102020~1/bin/../lib/gcc/arm-none-eabi/10.2.1/thumb/v6-m/nofp/crtbegin.o

.ctors          0x000059a4        0x0
                0x000059a4                __CTOR_LIST__ = .
 *crtbegin.o(.ctors)
 *crtbegin?.o(.ctors)
 *(EXCLUDE_FILE(*crtend.o *crtend?.o) .ctors)
 *(SORT_BY_NAME(.ctors.*))
 *(.ctors)
                0x000059a4                __CTOR_END__ = .

.dtors          0x000059a4        0x0
                0x000059a4                __DTOR_LIST__ = .
 *crtbegin.o(.dtors)
 *crtbegin?.o(.dtors)
 *(EXCLUDE_FILE(*crtend.o *crtend?.o) .dtors)
 *(SORT_BY_NAME(.dtors.*))
 *(.dtors)
                0x000059a4                __DTOR_END__ = .

.preinit_array  0x000059a4        0x0
                0x000059a4                PROVIDE (__preinit_array_start = .)
 *(.preinit_array*)
                0x000059a4                PROVIDE (__preinit_array_end = .)

.init_array     0x000059a4        0x4
                0x000059a4                PROVIDE (__init_array_start = .)
 *(SORT_BY_NAME(.init_array.*))
 *(.init_array*)
 .init_array    0x000059a4        0x4 c:/progra~2/gnuarm~1/102020~1/bin/../lib/gcc/arm-none-eabi/10.2.1/thumb/v6-m/nofp/crtbegin.o
                0x000059a8                PROVIDE (__init_array_end = .)

.fini_array     0x000059a8        0x4
                [!provide]                PROVIDE (__fini_array_start = .)
 *(SORT_BY_NAME(.fini_array.*))
 *(.fini_array*)
 .fini_array    0x000059a8        0x4 c:/progra~2/gnuarm~1/102020~1/bin/../lib/gcc/arm-none-eabi/10.2.1/thumb/v6-m/nofp/crtbegin.o
                [!provide]                PROVIDE (__fini_array_end = .)
                0x000059ac                __etext = .
                0x000059ac                __DATA_ROM = .

.mtb            0x1ffffe00        0x0
                0x1ffffe00                . = ALIGN (0x8)
                0x1ffffe00                _mtb_start = .
 *(.mtb_buf)
                0x1ffffe00                . = ALIGN (0x8)
                0x1ffffe00                _mtb_end = .

.interrupts_ram
                0x1ffffe00        0x0
                0x1ffffe00                . = ALIGN (0x4)
                0x1ffffe00                __VECTOR_RAM__ = .
                0x1ffffe00                __interrupts_ram_start__ = .
 *(.m_interrupts_ram)
                0x1ffffe00                . = (. + M_VECTOR_RAM_SIZE)
                0x1ffffe00                . = ALIGN (0x4)
                0x1ffffe00                __interrupts_ram_end__ = .
                0x00000000                __VECTOR_RAM = DEFINED (__ram_vector_table__)?__VECTOR_RAM__:ORIGIN (m_interrupts)
                0x00000000                __RAM_VECTOR_TABLE_SIZE_BYTES = DEFINED (__ram_vector_table__)?(__interrupts_ram_end__ - __interrupts_ram_start__):0x0

.data           0x1ffffe00       0x6c load address 0x000059ac
                0x1ffffe00                . = ALIGN (0x4)
                0x1ffffe00                __DATA_RAM = .
                0x1ffffe00                __data_start__ = .
 *(.data)
 *(.data*)
 .data.SystemCoreClock
                0x1ffffe00        0x4 CMakeFiles/coursework_5_tx.dir/C_/Users/Arymurti/Desktop/allofthem/EmbeddedVLC-main/platform/devices/MKL03Z4/startup/system_MKL03Z4.c.obj
                0x1ffffe00                SystemCoreClock
 .data.g_lpuartRxTxIrqId
                0x1ffffe04        0x1 ..\..\..\lib\ksdk_platform_lib\armgcc\KL03Z4\debug\libksdk_platform.a(fsl_lpuart_common.c.obj)
                0x1ffffe04                g_lpuartRxTxIrqId
 *fill*         0x1ffffe05        0x3 
 .data._impure_ptr
                0x1ffffe08        0x4 c:/progra~2/gnuarm~1/102020~1/bin/../lib/gcc/arm-none-eabi/10.2.1/../../../../arm-none-eabi/lib/thumb/v6-m/nofp\libc_nano.a(lib_a-impure.o)
                0x1ffffe08                _impure_ptr
 .data.impure_data
                0x1ffffe0c       0x60 c:/progra~2/gnuarm~1/102020~1/bin/../lib/gcc/arm-none-eabi/10.2.1/../../../../arm-none-eabi/lib/thumb/v6-m/nofp\libc_nano.a(lib_a-impure.o)
 *(.jcr*)
                0x1ffffe6c                . = ALIGN (0x4)
                0x1ffffe6c                __data_end__ = .
                0x00005a18                __DATA_END = (__DATA_ROM + (__data_end__ - __data_start__))
                0x00008000                text_end = (ORIGIN (m_text) + LENGTH (m_text))
                0x00000001                ASSERT ((__DATA_END <= text_end), region m_text overflowed with text and data)

.igot.plt       0x1ffffe6c        0x0 load address 0x00005a18
 .igot.plt      0x1ffffe6c        0x0 c:/progra~2/gnuarm~1/102020~1/bin/../lib/gcc/arm-none-eabi/10.2.1/thumb/v6-m/nofp/crtbegin.o

.bss            0x1ffffe6c      0x1f4 load address 0x00005a18
                0x1ffffe6c                . = ALIGN (0x4)
                0x1ffffe6c                __START_BSS = .
                0x1ffffe6c                __bss_start__ = .
 *(.bss)
 .bss           0x1ffffe6c       0x1c c:/progra~2/gnuarm~1/102020~1/bin/../lib/gcc/arm-none-eabi/10.2.1/thumb/v6-m/nofp/crtbegin.o
 *(.bss*)
 .bss.heap_end.0
                0x1ffffe88        0x4 CMakeFiles/coursework_5_tx.dir/C_/Users/Arymurti/Desktop/allofthem/EmbeddedVLC-main/platform/utilities/src/fsl_misc_utilities.c.obj
 .bss._SEGGER_RTT
                0x1ffffe8c       0x78 CMakeFiles/coursework_5_tx.dir/C_/Users/Arymurti/Desktop/allofthem/EmbeddedVLC-main/software/lpuart_non_blocking_Tx_CW5/SEGGER_RTT.c.obj
                0x1ffffe8c                _SEGGER_RTT
 .bss._acUpBuffer
                0x1fffff04       0xc8 CMakeFiles/coursework_5_tx.dir/C_/Users/Arymurti/Desktop/allofthem/EmbeddedVLC-main/software/lpuart_non_blocking_Tx_CW5/SEGGER_RTT.c.obj
 .bss._acDownBuffer
                0x1fffffcc        0x4 CMakeFiles/coursework_5_tx.dir/C_/Users/Arymurti/Desktop/allofthem/EmbeddedVLC-main/software/lpuart_non_blocking_Tx_CW5/SEGGER_RTT.c.obj
 .bss.s_debugConsole
                0x1fffffd0       0x10 CMakeFiles/coursework_5_tx.dir/C_/Users/Arymurti/Desktop/allofthem/EmbeddedVLC-main/platform/utilities/src/fsl_debug_console.c.obj
 .bss.g_taskControlBlockPool
                0x1fffffe0       0x50 ..\..\..\lib\ksdk_platform_lib\armgcc\KL03Z4\debug\libksdk_platform.a(fsl_os_abstraction_bm.c.obj)
 .bss.g_freeTaskControlBlock
                0x20000030        0x4 ..\..\..\lib\ksdk_platform_lib\armgcc\KL03Z4\debug\libksdk_platform.a(fsl_os_abstraction_bm.c.obj)
 .bss.g_taskListHead
                0x20000034       0x10 ..\..\..\lib\ksdk_platform_lib\armgcc\KL03Z4\debug\libksdk_platform.a(fsl_os_abstraction_bm.c.obj)
 .bss.g_interruptDisableCount
                0x20000044        0x4 ..\..\..\lib\ksdk_platform_lib\armgcc\KL03Z4\debug\libksdk_platform.a(fsl_interrupt_manager.c.obj)
                0x20000044                g_interruptDisableCount
 .bss.g_lpuartStatePtr
                0x20000048        0x4 ..\..\..\lib\ksdk_platform_lib\armgcc\KL03Z4\debug\libksdk_platform.a(fsl_lpuart_common.c.obj)
                0x20000048                g_lpuartStatePtr
 .bss.g_xtal0ClkFreq
                0x2000004c        0x4 ..\..\..\lib\ksdk_platform_lib\armgcc\KL03Z4\debug\libksdk_platform.a(fsl_mcglite_hal.c.obj)
                0x2000004c                g_xtal0ClkFreq
 .bss.__malloc_free_list
                0x20000050        0x4 c:/progra~2/gnuarm~1/102020~1/bin/../lib/gcc/arm-none-eabi/10.2.1/../../../../arm-none-eabi/lib/thumb/v6-m/nofp\libc_nano.a(lib_a-nano-mallocr.o)
                0x20000050                __malloc_free_list
 .bss.__malloc_sbrk_start
                0x20000054        0x4 c:/progra~2/gnuarm~1/102020~1/bin/../lib/gcc/arm-none-eabi/10.2.1/../../../../arm-none-eabi/lib/thumb/v6-m/nofp\libc_nano.a(lib_a-nano-mallocr.o)
                0x20000054                __malloc_sbrk_start
 .bss.__lock___malloc_recursive_mutex
                0x20000058        0x1 c:/progra~2/gnuarm~1/102020~1/bin/../lib/gcc/arm-none-eabi/10.2.1/../../../../arm-none-eabi/lib/thumb/v6-m/nofp\libc_nano.a(lib_a-lock.o)
                0x20000058                __lock___malloc_recursive_mutex
 .bss.__lock___sfp_recursive_mutex
                0x20000059        0x1 c:/progra~2/gnuarm~1/102020~1/bin/../lib/gcc/arm-none-eabi/10.2.1/../../../../arm-none-eabi/lib/thumb/v6-m/nofp\libc_nano.a(lib_a-lock.o)
                0x20000059                __lock___sfp_recursive_mutex
 .bss.__lock___sinit_recursive_mutex
                0x2000005a        0x1 c:/progra~2/gnuarm~1/102020~1/bin/../lib/gcc/arm-none-eabi/10.2.1/../../../../arm-none-eabi/lib/thumb/v6-m/nofp\libc_nano.a(lib_a-lock.o)
                0x2000005a                __lock___sinit_recursive_mutex
 *fill*         0x2000005b        0x1 
 .bss.errno     0x2000005c        0x4 c:/progra~2/gnuarm~1/102020~1/bin/../lib/gcc/arm-none-eabi/10.2.1/../../../../arm-none-eabi/lib/thumb/v6-m/nofp\libc_nano.a(lib_a-reent.o)
                0x2000005c                errno
 *(COMMON)
                0x20000060                . = ALIGN (0x4)
                0x20000060                __bss_end__ = .
                0x20000060                __END_BSS = .

.heap           0x20000060      0x200 load address 0x00005c0c
                0x20000060                . = ALIGN (0x8)
                0x20000060                __end__ = .
                0x20000060                PROVIDE (end = .)
                0x20000060                __HeapBase = .
                0x20000260                . = (. + HEAP_SIZE)
 *fill*         0x20000060      0x200 
                0x20000260                __HeapLimit = .

.stack          0x20000260      0x300 load address 0x00005e0c
                0x20000260                . = ALIGN (0x8)
                0x20000560                . = (. + STACK_SIZE)
 *fill*         0x20000260      0x300 
                0x20000600                __StackTop = (ORIGIN (m_data) + LENGTH (m_data))
                0x20000300                __StackLimit = (__StackTop - STACK_SIZE)
                0x20000600                PROVIDE (__stack = __StackTop)

.ARM.attributes
                0x00000000       0x28
 *(.ARM.attributes)
 .ARM.attributes
                0x00000000       0x1e c:/progra~2/gnuarm~1/102020~1/bin/../lib/gcc/arm-none-eabi/10.2.1/thumb/v6-m/nofp/crti.o
 .ARM.attributes
                0x0000001e       0x2c c:/progra~2/gnuarm~1/102020~1/bin/../lib/gcc/arm-none-eabi/10.2.1/thumb/v6-m/nofp/crtbegin.o
 .ARM.attributes
                0x0000004a       0x1b c:/progra~2/gnuarm~1/102020~1/bin/../lib/gcc/arm-none-eabi/10.2.1/../../../../arm-none-eabi/lib/thumb/v6-m/nofp/crt0.o
 .ARM.attributes
                0x00000065       0x2c CMakeFiles/coursework_5_tx.dir/C_/Users/Arymurti/Desktop/allofthem/EmbeddedVLC-main/platform/utilities/src/fsl_misc_utilities.c.obj
 .ARM.attributes
                0x00000091       0x1b CMakeFiles/coursework_5_tx.dir/C_/Users/Arymurti/Desktop/allofthem/EmbeddedVLC-main/platform/devices/MKL03Z4/startup/gcc/startup_MKL03Z4.S.obj
 .ARM.attributes
                0x000000ac       0x2c CMakeFiles/coursework_5_tx.dir/C_/Users/Arymurti/Desktop/allofthem/EmbeddedVLC-main/software/lpuart_non_blocking_Tx_CW5/coursework_tx_main.c.obj
 .ARM.attributes
                0x000000d8       0x2c CMakeFiles/coursework_5_tx.dir/C_/Users/Arymurti/Desktop/allofthem/EmbeddedVLC-main/software/lpuart_non_blocking_Tx_CW5/fsl_lpuart_irq.c.obj
 .ARM.attributes
                0x00000104       0x2c CMakeFiles/coursework_5_tx.dir/C_/Users/Arymurti/Desktop/allofthem/EmbeddedVLC-main/software/lpuart_non_blocking_Tx_CW5/SEGGER_RTT.c.obj
 .ARM.attributes
                0x00000130       0x2c CMakeFiles/coursework_5_tx.dir/C_/Users/Arymurti/Desktop/allofthem/EmbeddedVLC-main/software/lpuart_non_blocking_Tx_CW5/SEGGER_RTT_printf.c.obj
 .ARM.attributes
                0x0000015c       0x2c CMakeFiles/coursework_5_tx.dir/C_/Users/Arymurti/Desktop/allofthem/EmbeddedVLC-main/software/lpuart_non_blocking_Tx_CW5/board.c.obj
 .ARM.attributes
                0x00000188       0x2c CMakeFiles/coursework_5_tx.dir/C_/Users/Arymurti/Desktop/allofthem/EmbeddedVLC-main/platform/utilities/src/fsl_debug_console.c.obj
 .ARM.attributes
                0x000001b4       0x2c CMakeFiles/coursework_5_tx.dir/C_/Users/Arymurti/Desktop/allofthem/EmbeddedVLC-main/platform/devices/MKL03Z4/startup/system_MKL03Z4.c.obj
 .ARM.attributes
                0x000001e0       0x2c CMakeFiles/coursework_5_tx.dir/C_/Users/Arymurti/Desktop/allofthem/EmbeddedVLC-main/platform/devices/startup.c.obj
 .ARM.attributes
                0x0000020c       0x2c ..\..\..\lib\ksdk_platform_lib\armgcc\KL03Z4\debug\libksdk_platform.a(fsl_os_abstraction_bm.c.obj)
 .ARM.attributes
                0x00000238       0x2c ..\..\..\lib\ksdk_platform_lib\armgcc\KL03Z4\debug\libksdk_platform.a(fsl_clock_manager.c.obj)
 .ARM.attributes
                0x00000264       0x32 ..\..\..\lib\ksdk_platform_lib\armgcc\KL03Z4\debug\libksdk_platform.a(fsl_clock_manager_common.c.obj)
 .ARM.attributes
                0x00000296       0x2c ..\..\..\lib\ksdk_platform_lib\armgcc\KL03Z4\debug\libksdk_platform.a(fsl_clock_MKL03Z4.c.obj)
 .ARM.attributes
                0x000002c2       0x2c ..\..\..\lib\ksdk_platform_lib\armgcc\KL03Z4\debug\libksdk_platform.a(fsl_interrupt_manager.c.obj)
 .ARM.attributes
                0x000002ee       0x2c ..\..\..\lib\ksdk_platform_lib\armgcc\KL03Z4\debug\libksdk_platform.a(fsl_lptmr_hal.c.obj)
 .ARM.attributes
                0x0000031a       0x2c ..\..\..\lib\ksdk_platform_lib\armgcc\KL03Z4\debug\libksdk_platform.a(fsl_lpuart_hal.c.obj)
 .ARM.attributes
                0x00000346       0x2c ..\..\..\lib\ksdk_platform_lib\armgcc\KL03Z4\debug\libksdk_platform.a(fsl_lpuart_driver.c.obj)
 .ARM.attributes
                0x00000372       0x32 ..\..\..\lib\ksdk_platform_lib\armgcc\KL03Z4\debug\libksdk_platform.a(fsl_lpuart_common.c.obj)
 .ARM.attributes
                0x000003a4       0x2c ..\..\..\lib\ksdk_platform_lib\armgcc\KL03Z4\debug\libksdk_platform.a(fsl_mcglite_hal.c.obj)
 .ARM.attributes
                0x000003d0       0x2c ..\..\..\lib\ksdk_platform_lib\armgcc\KL03Z4\debug\libksdk_platform.a(fsl_mcglite_hal_modes.c.obj)
 .ARM.attributes
                0x000003fc       0x2c ..\..\..\lib\ksdk_platform_lib\armgcc\KL03Z4\debug\libksdk_platform.a(fsl_osc_hal.c.obj)
 .ARM.attributes
                0x00000428       0x2c ..\..\..\lib\ksdk_platform_lib\armgcc\KL03Z4\debug\libksdk_platform.a(fsl_rtc_driver.c.obj)
 .ARM.attributes
                0x00000454       0x32 ..\..\..\lib\ksdk_platform_lib\armgcc\KL03Z4\debug\libksdk_platform.a(fsl_rtc_common.c.obj)
 .ARM.attributes
                0x00000486       0x2c ..\..\..\lib\ksdk_platform_lib\armgcc\KL03Z4\debug\libksdk_platform.a(fsl_sim_hal_MKL03Z4.c.obj)
 .ARM.attributes
                0x000004b2       0x2c ..\..\..\lib\ksdk_platform_lib\armgcc\KL03Z4\debug\libksdk_platform.a(fsl_rtc_hal.c.obj)
 .ARM.attributes
                0x000004de       0x2c c:/progra~2/gnuarm~1/102020~1/bin/../lib/gcc/arm-none-eabi/10.2.1/../../../../arm-none-eabi/lib/thumb/v6-m/nofp\libc_nano.a(lib_a-assert.o)
 .ARM.attributes
                0x0000050a       0x2c c:/progra~2/gnuarm~1/102020~1/bin/../lib/gcc/arm-none-eabi/10.2.1/../../../../arm-none-eabi/lib/thumb/v6-m/nofp\libc_nano.a(lib_a-errno.o)
 .ARM.attributes
                0x00000536       0x2c c:/progra~2/gnuarm~1/102020~1/bin/../lib/gcc/arm-none-eabi/10.2.1/../../../../arm-none-eabi/lib/thumb/v6-m/nofp\libc_nano.a(lib_a-exit.o)
 .ARM.attributes
                0x00000562       0x2c c:/progra~2/gnuarm~1/102020~1/bin/../lib/gcc/arm-none-eabi/10.2.1/../../../../arm-none-eabi/lib/thumb/v6-m/nofp\libc_nano.a(lib_a-fprintf.o)
 .ARM.attributes
                0x0000058e       0x2c c:/progra~2/gnuarm~1/102020~1/bin/../lib/gcc/arm-none-eabi/10.2.1/../../../../arm-none-eabi/lib/thumb/v6-m/nofp\libc_nano.a(lib_a-impure.o)
 .ARM.attributes
                0x000005ba       0x2c c:/progra~2/gnuarm~1/102020~1/bin/../lib/gcc/arm-none-eabi/10.2.1/../../../../arm-none-eabi/lib/thumb/v6-m/nofp\libc_nano.a(lib_a-init.o)
 .ARM.attributes
                0x000005e6       0x2c c:/progra~2/gnuarm~1/102020~1/bin/../lib/gcc/arm-none-eabi/10.2.1/../../../../arm-none-eabi/lib/thumb/v6-m/nofp\libc_nano.a(lib_a-memcpy-stub.o)
 .ARM.attributes
                0x00000612       0x2c c:/progra~2/gnuarm~1/102020~1/bin/../lib/gcc/arm-none-eabi/10.2.1/../../../../arm-none-eabi/lib/thumb/v6-m/nofp\libc_nano.a(lib_a-memset.o)
 .ARM.attributes
                0x0000063e       0x2c c:/progra~2/gnuarm~1/102020~1/bin/../lib/gcc/arm-none-eabi/10.2.1/../../../../arm-none-eabi/lib/thumb/v6-m/nofp\libc_nano.a(lib_a-nano-freer.o)
 .ARM.attributes
                0x0000066a       0x2c c:/progra~2/gnuarm~1/102020~1/bin/../lib/gcc/arm-none-eabi/10.2.1/../../../../arm-none-eabi/lib/thumb/v6-m/nofp\libc_nano.a(lib_a-nano-mallocr.o)
 .ARM.attributes
                0x00000696       0x2c c:/progra~2/gnuarm~1/102020~1/bin/../lib/gcc/arm-none-eabi/10.2.1/../../../../arm-none-eabi/lib/thumb/v6-m/nofp\libc_nano.a(lib_a-nano-vfprintf.o)
 .ARM.attributes
                0x000006c2       0x2c c:/progra~2/gnuarm~1/102020~1/bin/../lib/gcc/arm-none-eabi/10.2.1/../../../../arm-none-eabi/lib/thumb/v6-m/nofp\libc_nano.a(lib_a-nano-vfprintf_i.o)
 .ARM.attributes
                0x000006ee       0x2c c:/progra~2/gnuarm~1/102020~1/bin/../lib/gcc/arm-none-eabi/10.2.1/../../../../arm-none-eabi/lib/thumb/v6-m/nofp\libc_nano.a(lib_a-sbrkr.o)
 .ARM.attributes
                0x0000071a       0x2c c:/progra~2/gnuarm~1/102020~1/bin/../lib/gcc/arm-none-eabi/10.2.1/../../../../arm-none-eabi/lib/thumb/v6-m/nofp\libc_nano.a(lib_a-strcpy.o)
 .ARM.attributes
                0x00000746       0x1c c:/progra~2/gnuarm~1/102020~1/bin/../lib/gcc/arm-none-eabi/10.2.1/../../../../arm-none-eabi/lib/thumb/v6-m/nofp\libc_nano.a(lib_a-strlen.o)
 .ARM.attributes
                0x00000762       0x2c c:/progra~2/gnuarm~1/102020~1/bin/../lib/gcc/arm-none-eabi/10.2.1/../../../../arm-none-eabi/lib/thumb/v6-m/nofp\libc_nano.a(lib_a-wbuf.o)
 .ARM.attributes
                0x0000078e       0x2c c:/progra~2/gnuarm~1/102020~1/bin/../lib/gcc/arm-none-eabi/10.2.1/../../../../arm-none-eabi/lib/thumb/v6-m/nofp\libc_nano.a(lib_a-wsetup.o)
 .ARM.attributes
                0x000007ba       0x2c c:/progra~2/gnuarm~1/102020~1/bin/../lib/gcc/arm-none-eabi/10.2.1/../../../../arm-none-eabi/lib/thumb/v6-m/nofp\libc_nano.a(lib_a-abort.o)
 .ARM.attributes
                0x000007e6       0x2c c:/progra~2/gnuarm~1/102020~1/bin/../lib/gcc/arm-none-eabi/10.2.1/../../../../arm-none-eabi/lib/thumb/v6-m/nofp\libc_nano.a(lib_a-fflush.o)
 .ARM.attributes
                0x00000812       0x2c c:/progra~2/gnuarm~1/102020~1/bin/../lib/gcc/arm-none-eabi/10.2.1/../../../../arm-none-eabi/lib/thumb/v6-m/nofp\libc_nano.a(lib_a-findfp.o)
 .ARM.attributes
                0x0000083e       0x2c c:/progra~2/gnuarm~1/102020~1/bin/../lib/gcc/arm-none-eabi/10.2.1/../../../../arm-none-eabi/lib/thumb/v6-m/nofp\libc_nano.a(lib_a-fwalk.o)
 .ARM.attributes
                0x0000086a       0x2c c:/progra~2/gnuarm~1/102020~1/bin/../lib/gcc/arm-none-eabi/10.2.1/../../../../arm-none-eabi/lib/thumb/v6-m/nofp\libc_nano.a(lib_a-lock.o)
 .ARM.attributes
                0x00000896       0x2c c:/progra~2/gnuarm~1/102020~1/bin/../lib/gcc/arm-none-eabi/10.2.1/../../../../arm-none-eabi/lib/thumb/v6-m/nofp\libc_nano.a(lib_a-makebuf.o)
 .ARM.attributes
                0x000008c2       0x2c c:/progra~2/gnuarm~1/102020~1/bin/../lib/gcc/arm-none-eabi/10.2.1/../../../../arm-none-eabi/lib/thumb/v6-m/nofp\libc_nano.a(lib_a-memchr-stub.o)
 .ARM.attributes
                0x000008ee       0x2c c:/progra~2/gnuarm~1/102020~1/bin/../lib/gcc/arm-none-eabi/10.2.1/../../../../arm-none-eabi/lib/thumb/v6-m/nofp\libc_nano.a(lib_a-mlock.o)
 .ARM.attributes
                0x0000091a       0x2c c:/progra~2/gnuarm~1/102020~1/bin/../lib/gcc/arm-none-eabi/10.2.1/../../../../arm-none-eabi/lib/thumb/v6-m/nofp\libc_nano.a(lib_a-reent.o)
 .ARM.attributes
                0x00000946       0x2c c:/progra~2/gnuarm~1/102020~1/bin/../lib/gcc/arm-none-eabi/10.2.1/../../../../arm-none-eabi/lib/thumb/v6-m/nofp\libc_nano.a(lib_a-signal.o)
 .ARM.attributes
                0x00000972       0x2c c:/progra~2/gnuarm~1/102020~1/bin/../lib/gcc/arm-none-eabi/10.2.1/../../../../arm-none-eabi/lib/thumb/v6-m/nofp\libc_nano.a(lib_a-signalr.o)
 .ARM.attributes
                0x0000099e       0x2c c:/progra~2/gnuarm~1/102020~1/bin/../lib/gcc/arm-none-eabi/10.2.1/../../../../arm-none-eabi/lib/thumb/v6-m/nofp\libc_nano.a(lib_a-stdio.o)
 .ARM.attributes
                0x000009ca       0x2c c:/progra~2/gnuarm~1/102020~1/bin/../lib/gcc/arm-none-eabi/10.2.1/../../../../arm-none-eabi/lib/thumb/v6-m/nofp\libc_nano.a(lib_a-writer.o)
 .ARM.attributes
                0x000009f6       0x2c c:/progra~2/gnuarm~1/102020~1/bin/../lib/gcc/arm-none-eabi/10.2.1/../../../../arm-none-eabi/lib/thumb/v6-m/nofp\libc_nano.a(lib_a-closer.o)
 .ARM.attributes
                0x00000a22       0x2c c:/progra~2/gnuarm~1/102020~1/bin/../lib/gcc/arm-none-eabi/10.2.1/../../../../arm-none-eabi/lib/thumb/v6-m/nofp\libc_nano.a(lib_a-fstatr.o)
 .ARM.attributes
                0x00000a4e       0x2c c:/progra~2/gnuarm~1/102020~1/bin/../lib/gcc/arm-none-eabi/10.2.1/../../../../arm-none-eabi/lib/thumb/v6-m/nofp\libc_nano.a(lib_a-isattyr.o)
 .ARM.attributes
                0x00000a7a       0x2c c:/progra~2/gnuarm~1/102020~1/bin/../lib/gcc/arm-none-eabi/10.2.1/../../../../arm-none-eabi/lib/thumb/v6-m/nofp\libc_nano.a(lib_a-lseekr.o)
 .ARM.attributes
                0x00000aa6       0x2c c:/progra~2/gnuarm~1/102020~1/bin/../lib/gcc/arm-none-eabi/10.2.1/../../../../arm-none-eabi/lib/thumb/v6-m/nofp\libc_nano.a(lib_a-readr.o)
 .ARM.attributes
                0x00000ad2       0x1e c:/progra~2/gnuarm~1/102020~1/bin/../lib/gcc/arm-none-eabi/10.2.1/thumb/v6-m/nofp\libgcc.a(_thumb1_case_shi.o)
 .ARM.attributes
                0x00000af0       0x1e c:/progra~2/gnuarm~1/102020~1/bin/../lib/gcc/arm-none-eabi/10.2.1/thumb/v6-m/nofp\libgcc.a(_udivsi3.o)
 .ARM.attributes
                0x00000b0e       0x1e c:/progra~2/gnuarm~1/102020~1/bin/../lib/gcc/arm-none-eabi/10.2.1/thumb/v6-m/nofp\libgcc.a(_divsi3.o)
 .ARM.attributes
                0x00000b2c       0x1e c:/progra~2/gnuarm~1/102020~1/bin/../lib/gcc/arm-none-eabi/10.2.1/thumb/v6-m/nofp\libgcc.a(_dvmd_tls.o)
 .ARM.attributes
                0x00000b4a       0x2c c:/progra~2/gnuarm~1/102020~1/bin/../lib/gcc/arm-none-eabi/10.2.1/../../../../arm-none-eabi/lib/thumb/v6-m/nofp\libnosys.a(close.o)
 .ARM.attributes
                0x00000b76       0x2c c:/progra~2/gnuarm~1/102020~1/bin/../lib/gcc/arm-none-eabi/10.2.1/../../../../arm-none-eabi/lib/thumb/v6-m/nofp\libnosys.a(fstat.o)
 .ARM.attributes
                0x00000ba2       0x2c c:/progra~2/gnuarm~1/102020~1/bin/../lib/gcc/arm-none-eabi/10.2.1/../../../../arm-none-eabi/lib/thumb/v6-m/nofp\libnosys.a(getpid.o)
 .ARM.attributes
                0x00000bce       0x2c c:/progra~2/gnuarm~1/102020~1/bin/../lib/gcc/arm-none-eabi/10.2.1/../../../../arm-none-eabi/lib/thumb/v6-m/nofp\libnosys.a(isatty.o)
 .ARM.attributes
                0x00000bfa       0x2c c:/progra~2/gnuarm~1/102020~1/bin/../lib/gcc/arm-none-eabi/10.2.1/../../../../arm-none-eabi/lib/thumb/v6-m/nofp\libnosys.a(kill.o)
 .ARM.attributes
                0x00000c26       0x2c c:/progra~2/gnuarm~1/102020~1/bin/../lib/gcc/arm-none-eabi/10.2.1/../../../../arm-none-eabi/lib/thumb/v6-m/nofp\libnosys.a(lseek.o)
 .ARM.attributes
                0x00000c52       0x2c c:/progra~2/gnuarm~1/102020~1/bin/../lib/gcc/arm-none-eabi/10.2.1/../../../../arm-none-eabi/lib/thumb/v6-m/nofp\libnosys.a(_exit.o)
 .ARM.attributes
                0x00000c7e       0x1e c:/progra~2/gnuarm~1/102020~1/bin/../lib/gcc/arm-none-eabi/10.2.1/thumb/v6-m/nofp/crtn.o
                0x00000001                ASSERT ((__StackLimit >= __HeapLimit), region m_data overflowed with stack and heap)
OUTPUT(debug\coursework_5_tx.elf elf32-littlearm)
LOAD linker stubs

.debug_info     0x00000000     0xc413
 .debug_info    0x00000000      0x151 CMakeFiles/coursework_5_tx.dir/C_/Users/Arymurti/Desktop/allofthem/EmbeddedVLC-main/platform/utilities/src/fsl_misc_utilities.c.obj
 .debug_info    0x00000151       0x26 CMakeFiles/coursework_5_tx.dir/C_/Users/Arymurti/Desktop/allofthem/EmbeddedVLC-main/platform/devices/MKL03Z4/startup/gcc/startup_MKL03Z4.S.obj
 .debug_info    0x00000177      0x77b CMakeFiles/coursework_5_tx.dir/C_/Users/Arymurti/Desktop/allofthem/EmbeddedVLC-main/software/lpuart_non_blocking_Tx_CW5/coursework_tx_main.c.obj
 .debug_info    0x000008f2       0x85 CMakeFiles/coursework_5_tx.dir/C_/Users/Arymurti/Desktop/allofthem/EmbeddedVLC-main/software/lpuart_non_blocking_Tx_CW5/fsl_lpuart_irq.c.obj
 .debug_info    0x00000977      0xf88 CMakeFiles/coursework_5_tx.dir/C_/Users/Arymurti/Desktop/allofthem/EmbeddedVLC-main/software/lpuart_non_blocking_Tx_CW5/SEGGER_RTT.c.obj
 .debug_info    0x000018ff      0x418 CMakeFiles/coursework_5_tx.dir/C_/Users/Arymurti/Desktop/allofthem/EmbeddedVLC-main/software/lpuart_non_blocking_Tx_CW5/SEGGER_RTT_printf.c.obj
 .debug_info    0x00001d17      0x99e CMakeFiles/coursework_5_tx.dir/C_/Users/Arymurti/Desktop/allofthem/EmbeddedVLC-main/software/lpuart_non_blocking_Tx_CW5/board.c.obj
 .debug_info    0x000026b5      0x778 CMakeFiles/coursework_5_tx.dir/C_/Users/Arymurti/Desktop/allofthem/EmbeddedVLC-main/platform/utilities/src/fsl_debug_console.c.obj
 .debug_info    0x00002e2d      0x3de CMakeFiles/coursework_5_tx.dir/C_/Users/Arymurti/Desktop/allofthem/EmbeddedVLC-main/platform/devices/MKL03Z4/startup/system_MKL03Z4.c.obj
 .debug_info    0x0000320b      0x236 CMakeFiles/coursework_5_tx.dir/C_/Users/Arymurti/Desktop/allofthem/EmbeddedVLC-main/platform/devices/startup.c.obj
 .debug_info    0x00003441     0x14fa ..\..\..\lib\ksdk_platform_lib\armgcc\KL03Z4\debug\libksdk_platform.a(fsl_os_abstraction_bm.c.obj)
 .debug_info    0x0000493b     0x11cb ..\..\..\lib\ksdk_platform_lib\armgcc\KL03Z4\debug\libksdk_platform.a(fsl_clock_manager.c.obj)
 .debug_info    0x00005b06      0x43d ..\..\..\lib\ksdk_platform_lib\armgcc\KL03Z4\debug\libksdk_platform.a(fsl_clock_manager_common.c.obj)
 .debug_info    0x00005f43     0x12fa ..\..\..\lib\ksdk_platform_lib\armgcc\KL03Z4\debug\libksdk_platform.a(fsl_clock_MKL03Z4.c.obj)
 .debug_info    0x0000723d      0x288 ..\..\..\lib\ksdk_platform_lib\armgcc\KL03Z4\debug\libksdk_platform.a(fsl_interrupt_manager.c.obj)
 .debug_info    0x000074c5      0x473 ..\..\..\lib\ksdk_platform_lib\armgcc\KL03Z4\debug\libksdk_platform.a(fsl_lptmr_hal.c.obj)
 .debug_info    0x00007938      0xa19 ..\..\..\lib\ksdk_platform_lib\armgcc\KL03Z4\debug\libksdk_platform.a(fsl_lpuart_hal.c.obj)
 .debug_info    0x00008351     0x14ee ..\..\..\lib\ksdk_platform_lib\armgcc\KL03Z4\debug\libksdk_platform.a(fsl_lpuart_driver.c.obj)
 .debug_info    0x0000983f      0x256 ..\..\..\lib\ksdk_platform_lib\armgcc\KL03Z4\debug\libksdk_platform.a(fsl_lpuart_common.c.obj)
 .debug_info    0x00009a95      0x33e ..\..\..\lib\ksdk_platform_lib\armgcc\KL03Z4\debug\libksdk_platform.a(fsl_mcglite_hal.c.obj)
 .debug_info    0x00009dd3      0x464 ..\..\..\lib\ksdk_platform_lib\armgcc\KL03Z4\debug\libksdk_platform.a(fsl_mcglite_hal_modes.c.obj)
 .debug_info    0x0000a237       0xf0 ..\..\..\lib\ksdk_platform_lib\armgcc\KL03Z4\debug\libksdk_platform.a(fsl_osc_hal.c.obj)
 .debug_info    0x0000a327     0x1182 ..\..\..\lib\ksdk_platform_lib\armgcc\KL03Z4\debug\libksdk_platform.a(fsl_rtc_driver.c.obj)
 .debug_info    0x0000b4a9      0x275 ..\..\..\lib\ksdk_platform_lib\armgcc\KL03Z4\debug\libksdk_platform.a(fsl_rtc_common.c.obj)
 .debug_info    0x0000b71e      0x55a ..\..\..\lib\ksdk_platform_lib\armgcc\KL03Z4\debug\libksdk_platform.a(fsl_sim_hal_MKL03Z4.c.obj)
 .debug_info    0x0000bc78      0x79b ..\..\..\lib\ksdk_platform_lib\armgcc\KL03Z4\debug\libksdk_platform.a(fsl_rtc_hal.c.obj)

.debug_abbrev   0x00000000     0x29c5
 .debug_abbrev  0x00000000       0xcd CMakeFiles/coursework_5_tx.dir/C_/Users/Arymurti/Desktop/allofthem/EmbeddedVLC-main/platform/utilities/src/fsl_misc_utilities.c.obj
 .debug_abbrev  0x000000cd       0x14 CMakeFiles/coursework_5_tx.dir/C_/Users/Arymurti/Desktop/allofthem/EmbeddedVLC-main/platform/devices/MKL03Z4/startup/gcc/startup_MKL03Z4.S.obj
 .debug_abbrev  0x000000e1      0x1a9 CMakeFiles/coursework_5_tx.dir/C_/Users/Arymurti/Desktop/allofthem/EmbeddedVLC-main/software/lpuart_non_blocking_Tx_CW5/coursework_tx_main.c.obj
 .debug_abbrev  0x0000028a       0x44 CMakeFiles/coursework_5_tx.dir/C_/Users/Arymurti/Desktop/allofthem/EmbeddedVLC-main/software/lpuart_non_blocking_Tx_CW5/fsl_lpuart_irq.c.obj
 .debug_abbrev  0x000002ce      0x1e3 CMakeFiles/coursework_5_tx.dir/C_/Users/Arymurti/Desktop/allofthem/EmbeddedVLC-main/software/lpuart_non_blocking_Tx_CW5/SEGGER_RTT.c.obj
 .debug_abbrev  0x000004b1      0x18d CMakeFiles/coursework_5_tx.dir/C_/Users/Arymurti/Desktop/allofthem/EmbeddedVLC-main/software/lpuart_non_blocking_Tx_CW5/SEGGER_RTT_printf.c.obj
 .debug_abbrev  0x0000063e      0x231 CMakeFiles/coursework_5_tx.dir/C_/Users/Arymurti/Desktop/allofthem/EmbeddedVLC-main/software/lpuart_non_blocking_Tx_CW5/board.c.obj
 .debug_abbrev  0x0000086f      0x258 CMakeFiles/coursework_5_tx.dir/C_/Users/Arymurti/Desktop/allofthem/EmbeddedVLC-main/platform/utilities/src/fsl_debug_console.c.obj
 .debug_abbrev  0x00000ac7      0x12b CMakeFiles/coursework_5_tx.dir/C_/Users/Arymurti/Desktop/allofthem/EmbeddedVLC-main/platform/devices/MKL03Z4/startup/system_MKL03Z4.c.obj
 .debug_abbrev  0x00000bf2       0xff CMakeFiles/coursework_5_tx.dir/C_/Users/Arymurti/Desktop/allofthem/EmbeddedVLC-main/platform/devices/startup.c.obj
 .debug_abbrev  0x00000cf1      0x2f5 ..\..\..\lib\ksdk_platform_lib\armgcc\KL03Z4\debug\libksdk_platform.a(fsl_os_abstraction_bm.c.obj)
 .debug_abbrev  0x00000fe6      0x2e7 ..\..\..\lib\ksdk_platform_lib\armgcc\KL03Z4\debug\libksdk_platform.a(fsl_clock_manager.c.obj)
 .debug_abbrev  0x000012cd       0xf0 ..\..\..\lib\ksdk_platform_lib\armgcc\KL03Z4\debug\libksdk_platform.a(fsl_clock_manager_common.c.obj)
 .debug_abbrev  0x000013bd      0x309 ..\..\..\lib\ksdk_platform_lib\armgcc\KL03Z4\debug\libksdk_platform.a(fsl_clock_MKL03Z4.c.obj)
 .debug_abbrev  0x000016c6      0x146 ..\..\..\lib\ksdk_platform_lib\armgcc\KL03Z4\debug\libksdk_platform.a(fsl_interrupt_manager.c.obj)
 .debug_abbrev  0x0000180c      0x173 ..\..\..\lib\ksdk_platform_lib\armgcc\KL03Z4\debug\libksdk_platform.a(fsl_lptmr_hal.c.obj)
 .debug_abbrev  0x0000197f      0x24e ..\..\..\lib\ksdk_platform_lib\armgcc\KL03Z4\debug\libksdk_platform.a(fsl_lpuart_hal.c.obj)
 .debug_abbrev  0x00001bcd      0x27b ..\..\..\lib\ksdk_platform_lib\armgcc\KL03Z4\debug\libksdk_platform.a(fsl_lpuart_driver.c.obj)
 .debug_abbrev  0x00001e48       0xce ..\..\..\lib\ksdk_platform_lib\armgcc\KL03Z4\debug\libksdk_platform.a(fsl_lpuart_common.c.obj)
 .debug_abbrev  0x00001f16      0x156 ..\..\..\lib\ksdk_platform_lib\armgcc\KL03Z4\debug\libksdk_platform.a(fsl_mcglite_hal.c.obj)
 .debug_abbrev  0x0000206c      0x172 ..\..\..\lib\ksdk_platform_lib\armgcc\KL03Z4\debug\libksdk_platform.a(fsl_mcglite_hal_modes.c.obj)
 .debug_abbrev  0x000021de       0xa5 ..\..\..\lib\ksdk_platform_lib\armgcc\KL03Z4\debug\libksdk_platform.a(fsl_osc_hal.c.obj)
 .debug_abbrev  0x00002283      0x2f3 ..\..\..\lib\ksdk_platform_lib\armgcc\KL03Z4\debug\libksdk_platform.a(fsl_rtc_driver.c.obj)
 .debug_abbrev  0x00002576       0xc7 ..\..\..\lib\ksdk_platform_lib\armgcc\KL03Z4\debug\libksdk_platform.a(fsl_rtc_common.c.obj)
 .debug_abbrev  0x0000263d      0x168 ..\..\..\lib\ksdk_platform_lib\armgcc\KL03Z4\debug\libksdk_platform.a(fsl_sim_hal_MKL03Z4.c.obj)
 .debug_abbrev  0x000027a5      0x220 ..\..\..\lib\ksdk_platform_lib\armgcc\KL03Z4\debug\libksdk_platform.a(fsl_rtc_hal.c.obj)

.debug_aranges  0x00000000      0xcb8
 .debug_aranges
                0x00000000       0x28 CMakeFiles/coursework_5_tx.dir/C_/Users/Arymurti/Desktop/allofthem/EmbeddedVLC-main/platform/utilities/src/fsl_misc_utilities.c.obj
 .debug_aranges
                0x00000028       0x20 CMakeFiles/coursework_5_tx.dir/C_/Users/Arymurti/Desktop/allofthem/EmbeddedVLC-main/platform/devices/MKL03Z4/startup/gcc/startup_MKL03Z4.S.obj
 .debug_aranges
                0x00000048       0x28 CMakeFiles/coursework_5_tx.dir/C_/Users/Arymurti/Desktop/allofthem/EmbeddedVLC-main/software/lpuart_non_blocking_Tx_CW5/coursework_tx_main.c.obj
 .debug_aranges
                0x00000070       0x20 CMakeFiles/coursework_5_tx.dir/C_/Users/Arymurti/Desktop/allofthem/EmbeddedVLC-main/software/lpuart_non_blocking_Tx_CW5/fsl_lpuart_irq.c.obj
 .debug_aranges
                0x00000090      0x110 CMakeFiles/coursework_5_tx.dir/C_/Users/Arymurti/Desktop/allofthem/EmbeddedVLC-main/software/lpuart_non_blocking_Tx_CW5/SEGGER_RTT.c.obj
 .debug_aranges
                0x000001a0       0x40 CMakeFiles/coursework_5_tx.dir/C_/Users/Arymurti/Desktop/allofthem/EmbeddedVLC-main/software/lpuart_non_blocking_Tx_CW5/SEGGER_RTT_printf.c.obj
 .debug_aranges
                0x000001e0       0x60 CMakeFiles/coursework_5_tx.dir/C_/Users/Arymurti/Desktop/allofthem/EmbeddedVLC-main/software/lpuart_non_blocking_Tx_CW5/board.c.obj
 .debug_aranges
                0x00000240       0x78 CMakeFiles/coursework_5_tx.dir/C_/Users/Arymurti/Desktop/allofthem/EmbeddedVLC-main/platform/utilities/src/fsl_debug_console.c.obj
 .debug_aranges