Archive member included to satisfy reference by file (symbol)

..\..\..\lib\ksdk_platform_lib\armgcc\KL03Z4\release\libksdk_platform.a(fsl_clock_manager.c.obj)
                              CMakeFiles/coursework_5_rx.dir/C_/Freescale/KSDK_1.3.0/TEST/software/lpuart_non_blocking_Rx_CW5/board.c.obj (CLOCK_SYS_SetMcgliteMode)
..\..\..\lib\ksdk_platform_lib\armgcc\KL03Z4\release\libksdk_platform.a(fsl_clock_manager_common.c.obj)
                              ..\..\..\lib\ksdk_platform_lib\armgcc\KL03Z4\release\libksdk_platform.a(fsl_clock_manager.c.obj) (g_oscBase)
..\..\..\lib\ksdk_platform_lib\armgcc\KL03Z4\release\libksdk_platform.a(fsl_clock_MKL03Z4.c.obj)
                              CMakeFiles/coursework_5_rx.dir/C_/Freescale/KSDK_1.3.0/TEST/software/lpuart_non_blocking_Rx_CW5/board.c.obj (CLOCK_SYS_SetSimConfigration)
..\..\..\lib\ksdk_platform_lib\armgcc\KL03Z4\release\libksdk_platform.a(fsl_lpuart_hal.c.obj)
                              CMakeFiles/coursework_5_rx.dir/C_/Freescale/KSDK_1.3.0/TEST/platform/utilities/src/fsl_debug_console.c.obj (LPUART_HAL_SetBaudRate)
..\..\..\lib\ksdk_platform_lib\armgcc\KL03Z4\release\libksdk_platform.a(fsl_lpuart_driver.c.obj)
                              CMakeFiles/coursework_5_rx.dir/C_/Freescale/KSDK_1.3.0/TEST/software/lpuart_non_blocking_Rx_CW5/coursework_rx_main.c.obj (LPUART_DRV_Init)
..\..\..\lib\ksdk_platform_lib\armgcc\KL03Z4\release\libksdk_platform.a(fsl_lpuart_common.c.obj)
                              ..\..\..\lib\ksdk_platform_lib\armgcc\KL03Z4\release\libksdk_platform.a(fsl_lpuart_driver.c.obj) (g_lpuartRxTxIrqId)
..\..\..\lib\ksdk_platform_lib\armgcc\KL03Z4\release\libksdk_platform.a(fsl_mcglite_hal.c.obj)
                              ..\..\..\lib\ksdk_platform_lib\armgcc\KL03Z4\release\libksdk_platform.a(fsl_clock_MKL03Z4.c.obj) (CLOCK_HAL_GetInternalRefClk)
..\..\..\lib\ksdk_platform_lib\armgcc\KL03Z4\release\libksdk_platform.a(fsl_mcglite_hal_modes.c.obj)
                              ..\..\..\lib\ksdk_platform_lib\armgcc\KL03Z4\release\libksdk_platform.a(fsl_clock_manager.c.obj) (CLOCK_HAL_SetHircMode)
..\..\..\lib\ksdk_platform_lib\armgcc\KL03Z4\release\libksdk_platform.a(fsl_osc_hal.c.obj)
                              ..\..\..\lib\ksdk_platform_lib\armgcc\KL03Z4\release\libksdk_platform.a(fsl_clock_manager.c.obj) (OSC_HAL_SetCapacitor)
..\..\..\lib\ksdk_platform_lib\armgcc\KL03Z4\release\libksdk_platform.a(fsl_sim_hal_MKL03Z4.c.obj)
                              ..\..\..\lib\ksdk_platform_lib\armgcc\KL03Z4\release\libksdk_platform.a(fsl_clock_MKL03Z4.c.obj) (CLOCK_HAL_SetOutDiv)
..\..\..\lib\ksdk_platform_lib\armgcc\KL03Z4\release\libksdk_platform.a(fsl_os_abstraction_bm.c.obj)
                              ..\..\..\lib\ksdk_platform_lib\armgcc\KL03Z4\release\libksdk_platform.a(fsl_lpuart_driver.c.obj) (OSA_SemaCreate)
..\..\..\lib\ksdk_platform_lib\armgcc\KL03Z4\release\libksdk_platform.a(fsl_interrupt_manager.c.obj)
                              ..\..\..\lib\ksdk_platform_lib\armgcc\KL03Z4\release\libksdk_platform.a(fsl_os_abstraction_bm.c.obj) (INT_SYS_InstallHandler)
..\..\..\lib\ksdk_platform_lib\armgcc\KL03Z4\release\libksdk_platform.a(fsl_lptmr_hal.c.obj)
                              ..\..\..\lib\ksdk_platform_lib\armgcc\KL03Z4\release\libksdk_platform.a(fsl_os_abstraction_bm.c.obj) (LPTMR_HAL_SetTimerWorkingMode)
c:/progra~2/gnuarm~1/102020~1/bin/../lib/gcc/arm-none-eabi/10.2.1/../../../../arm-none-eabi/lib/thumb/v6-m/nofp\libc_nano.a(lib_a-calloc.o)
                              ..\..\..\lib\ksdk_platform_lib\armgcc\KL03Z4\release\libksdk_platform.a(fsl_os_abstraction_bm.c.obj) (calloc)
c:/progra~2/gnuarm~1/102020~1/bin/../lib/gcc/arm-none-eabi/10.2.1/../../../../arm-none-eabi/lib/thumb/v6-m/nofp\libc_nano.a(lib_a-errno.o)
                              CMakeFiles/coursework_5_rx.dir/C_/Freescale/KSDK_1.3.0/TEST/platform/utilities/src/fsl_misc_utilities.c.obj (__errno)
c:/progra~2/gnuarm~1/102020~1/bin/../lib/gcc/arm-none-eabi/10.2.1/../../../../arm-none-eabi/lib/thumb/v6-m/nofp\libc_nano.a(lib_a-exit.o)
                              c:/progra~2/gnuarm~1/102020~1/bin/../lib/gcc/arm-none-eabi/10.2.1/../../../../arm-none-eabi/lib/thumb/v6-m/nofp/crt0.o (exit)
c:/progra~2/gnuarm~1/102020~1/bin/../lib/gcc/arm-none-eabi/10.2.1/../../../../arm-none-eabi/lib/thumb/v6-m/nofp\libc_nano.a(lib_a-impure.o)
                              c:/progra~2/gnuarm~1/102020~1/bin/../lib/gcc/arm-none-eabi/10.2.1/../../../../arm-none-eabi/lib/thumb/v6-m/nofp\libc_nano.a(lib_a-exit.o) (_global_impure_ptr)
c:/progra~2/gnuarm~1/102020~1/bin/../lib/gcc/arm-none-eabi/10.2.1/../../../../arm-none-eabi/lib/thumb/v6-m/nofp\libc_nano.a(lib_a-init.o)
                              c:/progra~2/gnuarm~1/102020~1/bin/../lib/gcc/arm-none-eabi/10.2.1/../../../../arm-none-eabi/lib/thumb/v6-m/nofp/crt0.o (__libc_init_array)
[...]
Memory Configuration

Name             Origin             Length             Attributes
m_interrupts     0x00000000         0x00000100         xr
m_flash_config   0x00000400         0x00000010         xr
m_text           0x00000410         0x00007bf0         xr
m_data           0x1ffffe00         0x00000800         rw
*default*        0x00000000         0xffffffff

Linker script and memory map

LOAD c:/progra~2/gnuarm~1/102020~1/bin/../lib/gcc/arm-none-eabi/10.2.1/thumb/v6-m/nofp/crti.o
LOAD c:/progra~2/gnuarm~1/102020~1/bin/../lib/gcc/arm-none-eabi/10.2.1/thumb/v6-m/nofp/crtbegin.o
LOAD c:/progra~2/gnuarm~1/102020~1/bin/../lib/gcc/arm-none-eabi/10.2.1/../../../../arm-none-eabi/lib/thumb/v6-m/nofp/crt0.o
LOAD c:/progra~2/gnuarm~1/102020~1/bin/../lib/gcc/arm-none-eabi/10.2.1/../../../../arm-none-eabi/lib/thumb/v6-m/nofp\libm.a
                0x00000300                __stack_size__ = 0x300
                0x00000200                __heap_size__ = 0x200
LOAD CMakeFiles/coursework_5_rx.dir/C_/Freescale/KSDK_1.3.0/TEST/platform/utilities/src/fsl_misc_utilities.c.obj
LOAD CMakeFiles/coursework_5_rx.dir/C_/Freescale/KSDK_1.3.0/TEST/platform/devices/MKL03Z4/startup/gcc/startup_MKL03Z4.S.obj
LOAD CMakeFiles/coursework_5_rx.dir/C_/Freescale/KSDK_1.3.0/TEST/software/lpuart_non_blocking_Rx_CW5/coursework_rx_main.c.obj
LOAD CMakeFiles/coursework_5_rx.dir/C_/Freescale/KSDK_1.3.0/TEST/software/lpuart_non_blocking_Rx_CW5/fsl_lpuart_irq.c.obj
LOAD CMakeFiles/coursework_5_rx.dir/C_/Freescale/KSDK_1.3.0/TEST/software/lpuart_non_blocking_Rx_CW5/hardware_init.c.obj
LOAD CMakeFiles/coursework_5_rx.dir/C_/Freescale/KSDK_1.3.0/TEST/software/lpuart_non_blocking_Rx_CW5/gpio_pins.c.obj
LOAD CMakeFiles/coursework_5_rx.dir/C_/Freescale/KSDK_1.3.0/TEST/software/lpuart_non_blocking_Rx_CW5/pin_mux.c.obj
LOAD CMakeFiles/coursework_5_rx.dir/C_/Freescale/KSDK_1.3.0/TEST/software/lpuart_non_blocking_Rx_CW5/board.c.obj
LOAD CMakeFiles/coursework_5_rx.dir/C_/Freescale/KSDK_1.3.0/TEST/platform/utilities/src/fsl_debug_console.c.obj
LOAD CMakeFiles/coursework_5_rx.dir/C_/Freescale/KSDK_1.3.0/TEST/platform/utilities/src/print_scan.c.obj
LOAD CMakeFiles/coursework_5_rx.dir/C_/Freescale/KSDK_1.3.0/TEST/platform/devices/MKL03Z4/startup/system_MKL03Z4.c.obj
LOAD CMakeFiles/coursework_5_rx.dir/C_/Freescale/KSDK_1.3.0/TEST/platform/devices/startup.c.obj
START GROUP
LOAD ..\..\..\lib\ksdk_platform_lib\armgcc\KL03Z4\release\libksdk_platform.a
LOAD c:/progra~2/gnuarm~1/102020~1/bin/../lib/gcc/arm-none-eabi/10.2.1/../../../../arm-none-eabi/lib/thumb/v6-m/nofp\libm.a
LOAD c:/progra~2/gnuarm~1/102020~1/bin/../lib/gcc/arm-none-eabi/10.2.1/../../../../arm-none-eabi/lib/thumb/v6-m/nofp\libc_nano.a
LOAD c:/progra~2/gnuarm~1/102020~1/bin/../lib/gcc/arm-none-eabi/10.2.1/thumb/v6-m/nofp\libgcc.a
LOAD c:/progra~2/gnuarm~1/102020~1/bin/../lib/gcc/arm-none-eabi/10.2.1/../../../../arm-none-eabi/lib/thumb/v6-m/nofp\libnosys.a
END GROUP
START GROUP
LOAD c:/progra~2/gnuarm~1/102020~1/bin/../lib/gcc/arm-none-eabi/10.2.1/thumb/v6-m/nofp\libgcc.a
LOAD c:/progra~2/gnuarm~1/102020~1/bin/../lib/gcc/arm-none-eabi/10.2.1/../../../../arm-none-eabi/lib/thumb/v6-m/nofp\libc_nano.a
END GROUP
START GROUP
LOAD c:/progra~2/gnuarm~1/102020~1/bin/../lib/gcc/arm-none-eabi/10.2.1/thumb/v6-m/nofp\libgcc.a
LOAD c:/progra~2/gnuarm~1/102020~1/bin/../lib/gcc/arm-none-eabi/10.2.1/../../../../arm-none-eabi/lib/thumb/v6-m/nofp\libc_nano.a
END GROUP
LOAD c:/progra~2/gnuarm~1/102020~1/bin/../lib/gcc/arm-none-eabi/10.2.1/thumb/v6-m/nofp/crtend.o
LOAD c:/progra~2/gnuarm~1/102020~1/bin/../lib/gcc/arm-none-eabi/10.2.1/thumb/v6-m/nofp/crtn.o
                0x00000200                HEAP_SIZE = DEFINED (__heap_size__)?__heap_size__:0x200
                0x00000300                STACK_SIZE = DEFINED (__stack_size__)?__stack_size__:0x50
                0x00000000                M_VECTOR_RAM_SIZE = DEFINED (__ram_vector_table__)?0x100:0x0

.interrupts     0x00000000       0xc0
                0x00000000                __VECTOR_TABLE = .
                0x00000000                . = ALIGN (0x4)
 *(.isr_vector)
 .isr_vector    0x00000000       0xc0 CMakeFiles/coursework_5_rx.dir/C_/Freescale/KSDK_1.3.0/TEST/platform/devices/MKL03Z4/startup/gcc/startup_MKL03Z4.S.obj
                0x00000000                __isr_vector
                0x000000c0                . = ALIGN (0x4)

.flash_config   0x00000400       0x10
                0x00000400                . = ALIGN (0x4)
 *(.FlashConfig)
 .FlashConfig   0x00000400       0x10 CMakeFiles/coursework_5_rx.dir/C_/Freescale/KSDK_1.3.0/TEST/platform/devices/MKL03Z4/startup/gcc/startup_MKL03Z4.S.obj
                0x00000410                . = ALIGN (0x4)

.text           0x00000410      0xe1c
                0x00000410                . = ALIGN (0x4)
 *(.text)
 .text          0x00000410       0x48 c:/progra~2/gnuarm~1/102020~1/bin/../lib/gcc/arm-none-eabi/10.2.1/thumb/v6-m/nofp/crtbegin.o
 .text          0x00000458       0x80 c:/progra~2/gnuarm~1/102020~1/bin/../lib/gcc/arm-none-eabi/10.2.1/../../../../arm-none-eabi/lib/thumb/v6-m/nofp/crt0.o
                0x00000458                _stack_init
                0x00000464                _start
                0x00000464                _mainCRTStartup
 .text          0x000004d8       0x18 CMakeFiles/coursework_5_rx.dir/C_/Freescale/KSDK_1.3.0/TEST/platform/devices/MKL03Z4/startup/gcc/startup_MKL03Z4.S.obj
                0x000004d8                Reset_Handler
                0x000004e8                Reserved16_IRQHandler
                0x000004e8                I2C0_IRQHandler
                0x000004e8                HardFault_Handler
                0x000004e8                SysTick_Handler
                0x000004e8                PendSV_Handler
                0x000004e8                NMI_Handler
                0x000004e8                Reserved19_IRQHandler
                0x000004e8                Reserved29_IRQHandler
                0x000004e8                TPM0_IRQHandler
                0x000004e8                LLWU_IRQHandler
                0x000004e8                Reserved42_IRQHandler
                0x000004e8                ADC0_IRQHandler
                0x000004e8                Reserved39_IRQHandler
                0x000004e8                DefaultISR
                0x000004e8                Reserved25_IRQHandler
                0x000004e8                PORTB_IRQHandler
                0x000004e8                Reserved43_IRQHandler
                0x000004e8                RTC_IRQHandler
                0x000004e8                Reserved18_IRQHandler
                0x000004e8                Reserved27_IRQHandler
                0x000004e8                RTC_Seconds_IRQHandler
                0x000004e8                Reserved35_IRQHandler
                0x000004e8                Reserved20_IRQHandler
                0x000004e8                Reserved17_IRQHandler
                0x000004e8                Reserved41_IRQHandler
                0x000004e8                SVC_Handler
                0x000004e8                Reserved45_IRQHandler
                0x000004e8                Reserved30_IRQHandler
                0x000004e8                PMC_IRQHandler
                0x000004e8                TPM1_IRQHandler
                0x000004e8                SPI0_IRQHandler
                0x000004e8                PORTA_IRQHandler
                0x000004e8                FTFA_IRQHandler
                0x000004e8                Reserved40_IRQHandler
                0x000004e8                Reserved38_IRQHandler
                0x000004e8                LPTMR0_IRQHandler
                0x000004e8                CMP0_IRQHandler
 .text          0x000004f0       0x14 c:/progra~2/gnuarm~1/102020~1/bin/../lib/gcc/arm-none-eabi/10.2.1/thumb/v6-m/nofp\libgcc.a(_thumb1_case_uqi.o)
                0x000004f0                __gnu_thumb1_case_uqi
 .text          0x00000504      0x114 c:/progra~2/gnuarm~1/102020~1/bin/../lib/gcc/arm-none-eabi/10.2.1/thumb/v6-m/nofp\libgcc.a(_udivsi3.o)
                0x00000504                __aeabi_uidiv
                0x00000504                __udivsi3
                0x00000610                __aeabi_uidivmod
 .text          0x00000618        0x4 c:/progra~2/gnuarm~1/102020~1/bin/../lib/gcc/arm-none-eabi/10.2.1/thumb/v6-m/nofp\libgcc.a(_dvmd_tls.o)
                0x00000618                __aeabi_idiv0
                0x00000618                __aeabi_ldiv0
 *(.text*)
 .text.startup.main
                0x0000061c       0xac CMakeFiles/coursework_5_rx.dir/C_/Freescale/KSDK_1.3.0/TEST/software/lpuart_non_blocking_Rx_CW5/coursework_rx_main.c.obj
                0x0000061c                main
 .text.LPUART0_IRQHandler
                0x000006c8        0xa CMakeFiles/coursework_5_rx.dir/C_/Freescale/KSDK_1.3.0/TEST/software/lpuart_non_blocking_Rx_CW5/fsl_lpuart_irq.c.obj
                0x000006c8                LPUART0_IRQHandler
 .text.BOARD_InitOsc0
                0x000006d2       0x22 CMakeFiles/coursework_5_rx.dir/C_/Freescale/KSDK_1.3.0/TEST/software/lpuart_non_blocking_Rx_CW5/board.c.obj
                0x000006d2                BOARD_InitOsc0
 .text.BOARD_ClockInit
                0x000006f4       0x50 CMakeFiles/coursework_5_rx.dir/C_/Freescale/KSDK_1.3.0/TEST/software/lpuart_non_blocking_Rx_CW5/board.c.obj
                0x000006f4                BOARD_ClockInit
 .text.SystemInit
                0x00000744       0x24 CMakeFiles/coursework_5_rx.dir/C_/Freescale/KSDK_1.3.0/TEST/platform/devices/MKL03Z4/startup/system_MKL03Z4.c.obj
                0x00000744                SystemInit
 .text.init_data_bss
                0x00000768       0x70 CMakeFiles/coursework_5_rx.dir/C_/Freescale/KSDK_1.3.0/TEST/platform/devices/startup.c.obj
                0x00000768                init_data_bss
 .text.CLOCK_SYS_SetMcgliteMode
                0x000007d8       0x74 ..\..\..\lib\ksdk_platform_lib\armgcc\KL03Z4\release\libksdk_platform.a(fsl_clock_manager.c.obj)
                0x000007d8                CLOCK_SYS_SetMcgliteMode
 .text.CLOCK_SYS_SetOscerConfigration
                0x0000084c       0x2c ..\..\..\lib\ksdk_platform_lib\armgcc\KL03Z4\release\libksdk_platform.a(fsl_clock_manager.c.obj)
                0x0000084c                CLOCK_SYS_SetOscerConfigration
 .text.CLOCK_SYS_OscInit
                0x00000878       0x78 ..\..\..\lib\ksdk_platform_lib\armgcc\KL03Z4\release\libksdk_platform.a(fsl_clock_manager.c.obj)
                0x00000878                CLOCK_SYS_OscInit
 .text.SIM_HAL_EnableClock.constprop.0
                0x000008f0       0x28 ..\..\..\lib\ksdk_platform_lib\armgcc\KL03Z4\release\libksdk_platform.a(fsl_clock_MKL03Z4.c.obj)
 .text.CLOCK_SYS_SetSimConfigration
                0x00000918       0x2c ..\..\..\lib\ksdk_platform_lib\armgcc\KL03Z4\release\libksdk_platform.a(fsl_clock_MKL03Z4.c.obj)
                0x00000918                CLOCK_SYS_SetSimConfigration
 .text.CLOCK_SYS_GetOsc0ExternalRefClockFreq
                0x00000944       0x28 ..\..\..\lib\ksdk_platform_lib\armgcc\KL03Z4\release\libksdk_platform.a(fsl_clock_MKL03Z4.c.obj)
                0x00000944                CLOCK_SYS_GetOsc0ExternalRefClockFreq
 .text.CLOCK_SYS_GetLpuartFreq
                0x0000096c       0x40 ..\..\..\lib\ksdk_platform_lib\armgcc\KL03Z4\release\libksdk_platform.a(fsl_clock_MKL03Z4.c.obj)
                0x0000096c                CLOCK_SYS_GetLpuartFreq
 .text.CLOCK_SYS_EnablePortClock
                0x000009ac       0x10 ..\..\..\lib\ksdk_platform_lib\armgcc\KL03Z4\release\libksdk_platform.a(fsl_clock_MKL03Z4.c.obj)
                0x000009ac                CLOCK_SYS_EnablePortClock
 .text.CLOCK_SYS_EnableLpuartClock
                0x000009bc       0x10 ..\..\..\lib\ksdk_platform_lib\armgcc\KL03Z4\release\libksdk_platform.a(fsl_clock_MKL03Z4.c.obj)
                0x000009bc                CLOCK_SYS_EnableLpuartClock
 .text.LPUART_HAL_Init
                0x000009cc       0x28 ..\..\..\lib\ksdk_platform_lib\armgcc\KL03Z4\release\libksdk_platform.a(fsl_lpuart_hal.c.obj)
                0x000009cc                LPUART_HAL_Init
 .text.LPUART_HAL_SetBaudRate
                0x000009f4       0xc6 ..\..\..\lib\ksdk_platform_lib\armgcc\KL03Z4\release\libksdk_platform.a(fsl_lpuart_hal.c.obj)
                0x000009f4                LPUART_HAL_SetBaudRate
 .text.LPUART_HAL_SetBitCountPerChar
                0x00000aba       0x22 ..\..\..\lib\ksdk_platform_lib\armgcc\KL03Z4\release\libksdk_platform.a(fsl_lpuart_hal.c.obj)
                0x00000aba                LPUART_HAL_SetBitCountPerChar
 .text.LPUART_HAL_SetParityMode
                0x00000adc       0x1c ..\..\..\lib\ksdk_platform_lib\armgcc\KL03Z4\release\libksdk_platform.a(fsl_lpuart_hal.c.obj)
                0x00000adc                LPUART_HAL_SetParityMode
 .text.LPUART_HAL_SetIntMode
                0x00000af8       0x50 ..\..\..\lib\ksdk_platform_lib\armgcc\KL03Z4\release\libksdk_platform.a(fsl_lpuart_hal.c.obj)
                0x00000af8                LPUART_HAL_SetIntMode
 .text.LPUART_HAL_GetIntMode
                0x00000b48       0x32 ..\..\..\lib\ksdk_platform_lib\armgcc\KL03Z4\release\libksdk_platform.a(fsl_lpuart_hal.c.obj)
                0x00000b48                LPUART_HAL_GetIntMode
 .text.LPUART_HAL_GetStatusFlag
                0x00000b7a        0x8 ..\..\..\lib\ksdk_platform_lib\armgcc\KL03Z4\release\libksdk_platform.a(fsl_lpuart_hal.c.obj)
                0x00000b7a                LPUART_HAL_GetStatusFlag
 *fill*         0x00000b82        0x2 
 .text.LPUART_HAL_ClearStatusFlag
                0x00000b84       0x64 ..\..\..\lib\ksdk_platform_lib\armgcc\KL03Z4\release\libksdk_platform.a(fsl_lpuart_hal.c.obj)
                0x00000b84                LPUART_HAL_ClearStatusFlag
 .text.LPUART_DRV_StartSendData
                0x00000be8       0x40 ..\..\..\lib\ksdk_platform_lib\armgcc\KL03Z4\release\libksdk_platform.a(fsl_lpuart_driver.c.obj)
 .text.LPUART_DRV_CompleteSendData
                0x00000c28       0x34 ..\..\..\lib\ksdk_platform_lib\armgcc\KL03Z4\release\libksdk_platform.a(fsl_lpuart_driver.c.obj)
 .text.LPUART_DRV_StartReceiveData
                0x00000c5c       0x50 ..\..\..\lib\ksdk_platform_lib\armgcc\KL03Z4\release\libksdk_platform.a(fsl_lpuart_driver.c.obj)
 .text.LPUART_DRV_CompleteReceiveData
                0x00000cac       0x40 ..\..\..\lib\ksdk_platform_lib\armgcc\KL03Z4\release\libksdk_platform.a(fsl_lpuart_driver.c.obj)
 .text.LPUART_DRV_Init
                0x00000cec       0xc8 ..\..\..\lib\ksdk_platform_lib\armgcc\KL03Z4\release\libksdk_platform.a(fsl_lpuart_driver.c.obj)
                0x00000cec                LPUART_DRV_Init
 .text.LPUART_DRV_SendData
                0x00000db4       0x18 ..\..\..\lib\ksdk_platform_lib\armgcc\KL03Z4\release\libksdk_platform.a(fsl_lpuart_driver.c.obj)
                0x00000db4                LPUART_DRV_SendData
 .text.LPUART_DRV_GetTransmitStatus
                0x00000dcc       0x1c ..\..\..\lib\ksdk_platform_lib\armgcc\KL03Z4\release\libksdk_platform.a(fsl_lpuart_driver.c.obj)
                0x00000dcc                LPUART_DRV_GetTransmitStatus
 .text.LPUART_DRV_ReceiveData
                0x00000de8       0x18 ..\..\..\lib\ksdk_platform_lib\armgcc\KL03Z4\release\libksdk_platform.a(fsl_lpuart_driver.c.obj)
                0x00000de8                LPUART_DRV_ReceiveData
 .text.LPUART_DRV_GetReceiveStatus
                0x00000e00       0x1c ..\..\..\lib\ksdk_platform_lib\armgcc\KL03Z4\release\libksdk_platform.a(fsl_lpuart_driver.c.obj)
                0x00000e00                LPUART_DRV_GetReceiveStatus
 .text.LPUART_DRV_IRQHandler
                0x00000e1c       0xd4 ..\..\..\lib\ksdk_platform_lib\armgcc\KL03Z4\release\libksdk_platform.a(fsl_lpuart_driver.c.obj)
                0x00000e1c                LPUART_DRV_IRQHandler
 .text.CLOCK_HAL_GetLircClk
                0x00000ef0       0x44 ..\..\..\lib\ksdk_platform_lib\armgcc\KL03Z4\release\libksdk_platform.a(fsl_mcglite_hal.c.obj)
                0x00000ef0                CLOCK_HAL_GetLircClk
 .text.CLOCK_HAL_GetInternalRefClk
                0x00000f34       0x2c ..\..\..\lib\ksdk_platform_lib\armgcc\KL03Z4\release\libksdk_platform.a(fsl_mcglite_hal.c.obj)
                0x00000f34                CLOCK_HAL_GetInternalRefClk
 .text.CLOCK_HAL_GetMode
                0x00000f60       0x38 ..\..\..\lib\ksdk_platform_lib\armgcc\KL03Z4\release\libksdk_platform.a(fsl_mcglite_hal_modes.c.obj)
                0x00000f60                CLOCK_HAL_GetMode
 .text.CLOCK_HAL_SetHircMode
                0x00000f98       0x30 ..\..\..\lib\ksdk_platform_lib\armgcc\KL03Z4\release\libksdk_platform.a(fsl_mcglite_hal_modes.c.obj)
                0x00000f98                CLOCK_HAL_SetHircMode
 .text.CLOCK_HAL_SetLircMode
                0x00000fc8       0x6c ..\..\..\lib\ksdk_platform_lib\armgcc\KL03Z4\release\libksdk_platform.a(fsl_mcglite_hal_modes.c.obj)
                0x00000fc8                CLOCK_HAL_SetLircMode
 .text.CLOCK_HAL_SetExtMode
                0x00001034       0x4c ..\..\..\lib\ksdk_platform_lib\armgcc\KL03Z4\release\libksdk_platform.a(fsl_mcglite_hal_modes.c.obj)
                0x00001034                CLOCK_HAL_SetExtMode
 .text.OSC_HAL_SetCapacitor
                0x00001080        0xe ..\..\..\lib\ksdk_platform_lib\armgcc\KL03Z4\release\libksdk_platform.a(fsl_osc_hal.c.obj)
                0x00001080                OSC_HAL_SetCapacitor
 *fill*         0x0000108e        0x2 
 .text.CLOCK_HAL_SetOutDiv
                0x00001090       0x1c ..\..\..\lib\ksdk_platform_lib\armgcc\KL03Z4\release\libksdk_platform.a(fsl_sim_hal_MKL03Z4.c.obj)
                0x00001090                CLOCK_HAL_SetOutDiv
 .text.OSA_SemaCreate
                0x000010ac        0xe ..\..\..\lib\ksdk_platform_lib\armgcc\KL03Z4\release\libksdk_platform.a(fsl_os_abstraction_bm.c.obj)
                0x000010ac                OSA_SemaCreate
 .text.OSA_SemaPost
                0x000010ba       0x20 ..\..\..\lib\ksdk_platform_lib\armgcc\KL03Z4\release\libksdk_platform.a(fsl_os_abstraction_bm.c.obj)
                0x000010ba                OSA_SemaPost
 *fill*         0x000010da        0x2 
 .text.INT_SYS_EnableIRQGlobal
                0x000010dc       0x18 ..\..\..\lib\ksdk_platform_lib\armgcc\KL03Z4\release\libksdk_platform.a(fsl_interrupt_manager.c.obj)
                0x000010dc                INT_SYS_EnableIRQGlobal
 .text.INT_SYS_DisableIRQGlobal
                0x000010f4       0x10 ..\..\..\lib\ksdk_platform_lib\armgcc\KL03Z4\release\libksdk_platform.a(fsl_interrupt_manager.c.obj)
                0x000010f4                INT_SYS_DisableIRQGlobal
 .text.exit     0x00001104       0x2c c:/progra~2/gnuarm~1/102020~1/bin/../lib/gcc/arm-none-eabi/10.2.1/../../../../arm-none-eabi/lib/thumb/v6-m/nofp\libc_nano.a(lib_a-exit.o)
                0x00001104                exit
 .text.__libc_init_array
                0x00001130       0x48 c:/progra~2/gnuarm~1/102020~1/bin/../lib/gcc/arm-none-eabi/10.2.1/../../../../arm-none-eabi/lib/thumb/v6-m/nofp\libc_nano.a(lib_a-init.o)
                0x00001130                __libc_init_array
 .text.memset   0x00001178       0x10 c:/progra~2/gnuarm~1/102020~1/bin/../lib/gcc/arm-none-eabi/10.2.1/../../../../arm-none-eabi/lib/thumb/v6-m/nofp\libc_nano.a(lib_a-memset.o)
                0x00001178                memset
 .text._exit    0x00001188        0x4 c:/progra~2/gnuarm~1/102020~1/bin/../lib/gcc/arm-none-eabi/10.2.1/../../../../arm-none-eabi/lib/thumb/v6-m/nofp\libnosys.a(_exit.o)
                0x00001188                _exit
 *(.rodata)
 .rodata        0x0000118c        0xc CMakeFiles/coursework_5_rx.dir/C_/Freescale/KSDK_1.3.0/TEST/software/lpuart_non_blocking_Rx_CW5/coursework_rx_main.c.obj
 *(.rodata*)
 .rodata.buffStart
                0x00001198       0x36 CMakeFiles/coursework_5_rx.dir/C_/Freescale/KSDK_1.3.0/TEST/software/lpuart_non_blocking_Rx_CW5/coursework_rx_main.c.obj
                0x00001198                buffStart
 .rodata.bufferData1
                0x000011ce       0x2a CMakeFiles/coursework_5_rx.dir/C_/Freescale/KSDK_1.3.0/TEST/software/lpuart_non_blocking_Rx_CW5/coursework_rx_main.c.obj
                0x000011ce                bufferData1
 .rodata.g_defaultClockConfigRun
                0x000011f8        0xc CMakeFiles/coursework_5_rx.dir/C_/Freescale/KSDK_1.3.0/TEST/software/lpuart_non_blocking_Rx_CW5/board.c.obj
                0x000011f8                g_defaultClockConfigRun
 .rodata.g_oscBase
                0x00001204        0x4 ..\..\..\lib\ksdk_platform_lib\armgcc\KL03Z4\release\libksdk_platform.a(fsl_clock_manager_common.c.obj)
                0x00001204                g_oscBase
 .rodata.portGateTable
                0x00001208        0x2 ..\..\..\lib\ksdk_platform_lib\armgcc\KL03Z4\release\libksdk_platform.a(fsl_clock_MKL03Z4.c.obj)
 *fill*         0x0000120a        0x2 
 .rodata.g_lpuartBase
                0x0000120c        0x4 ..\..\..\lib\ksdk_platform_lib\armgcc\KL03Z4\release\libksdk_platform.a(fsl_lpuart_common.c.obj)
                0x0000120c                g_lpuartBase
 .rodata._global_impure_ptr
                0x00001210        0x4 c:/progra~2/gnuarm~1/102020~1/bin/../lib/gcc/arm-none-eabi/10.2.1/../../../../arm-none-eabi/lib/thumb/v6-m/nofp\libc_nano.a(lib_a-impure.o)
                0x00001210                _global_impure_ptr
 *(.glue_7)
 .glue_7        0x00001214        0x0 linker stubs
 *(.glue_7t)
 .glue_7t       0x00001214        0x0 linker stubs
 *(.eh_frame)
 .eh_frame      0x00001214        0x0 c:/progra~2/gnuarm~1/102020~1/bin/../lib/gcc/arm-none-eabi/10.2.1/thumb/v6-m/nofp/crtbegin.o
 *(.init)
 .init          0x00001214        0x4 c:/progra~2/gnuarm~1/102020~1/bin/../lib/gcc/arm-none-eabi/10.2.1/thumb/v6-m/nofp/crti.o
                0x00001214                _init
 .init          0x00001218        0x8 c:/progra~2/gnuarm~1/102020~1/bin/../lib/gcc/arm-none-eabi/10.2.1/thumb/v6-m/nofp/crtn.o
 *(.fini)
 .fini          0x00001220        0x4 c:/progra~2/gnuarm~1/102020~1/bin/../lib/gcc/arm-none-eabi/10.2.1/thumb/v6-m/nofp/crti.o
                0x00001220                _fini
 .fini          0x00001224        0x8 c:/progra~2/gnuarm~1/102020~1/bin/../lib/gcc/arm-none-eabi/10.2.1/thumb/v6-m/nofp/crtn.o
                0x0000122c                . = ALIGN (0x4)

.vfp11_veneer   0x0000122c        0x0
 .vfp11_veneer  0x0000122c        0x0 linker stubs

.v4_bx          0x0000122c        0x0
 .v4_bx         0x0000122c        0x0 linker stubs

.iplt           0x0000122c        0x0
 .iplt          0x0000122c        0x0 c:/progra~2/gnuarm~1/102020~1/bin/../lib/gcc/arm-none-eabi/10.2.1/thumb/v6-m/nofp/crtbegin.o

.ARM.extab
 *(.ARM.extab* .gnu.linkonce.armextab.*)

.ARM            0x0000122c        0x8
                0x0000122c                __exidx_start = .
 *(.ARM.exidx*)
 .ARM.exidx     0x0000122c        0x8 c:/progra~2/gnuarm~1/102020~1/bin/../lib/gcc/arm-none-eabi/10.2.1/../../../../arm-none-eabi/lib/thumb/v6-m/nofp/crt0.o
                                 0x10 (size before relaxing)
                0x00001234                __exidx_end = .

.rel.dyn        0x00001234        0x0
 .rel.iplt      0x00001234        0x0 c:/progra~2/gnuarm~1/102020~1/bin/../lib/gcc/arm-none-eabi/10.2.1/thumb/v6-m/nofp/crtbegin.o

.ctors          0x00001234        0x0
                0x00001234                __CTOR_LIST__ = .
 *crtbegin.o(.ctors)
 *crtbegin?.o(.ctors)
 *(EXCLUDE_FILE(*crtend.o *crtend?.o) .ctors)
 *(SORT_BY_NAME(.ctors.*))
 *(.ctors)
                0x00001234                __CTOR_END__ = .

.dtors          0x00001234        0x0
                0x00001234                __DTOR_LIST__ = .
 *crtbegin.o(.dtors)
 *crtbegin?.o(.dtors)
 *(EXCLUDE_FILE(*crtend.o *crtend?.o) .dtors)
 *(SORT_BY_NAME(.dtors.*))
 *(.dtors)
                0x00001234                __DTOR_END__ = .

.preinit_array  0x00001234        0x0
                0x00001234                PROVIDE (__preinit_array_start = .)
 *(.preinit_array*)
                0x00001234                PROVIDE (__preinit_array_end = .)

.init_array     0x00001234        0x4
                0x00001234                PROVIDE (__init_array_start = .)
 *(SORT_BY_NAME(.init_array.*))
 *(.init_array*)
 .init_array    0x00001234        0x4 c:/progra~2/gnuarm~1/102020~1/bin/../lib/gcc/arm-none-eabi/10.2.1/thumb/v6-m/nofp/crtbegin.o
                0x00001238                PROVIDE (__init_array_end = .)

.fini_array     0x00001238        0x4
                [!provide]                PROVIDE (__fini_array_start = .)
 *(SORT_BY_NAME(.fini_array.*))
 *(.fini_array*)
 .fini_array    0x00001238        0x4 c:/progra~2/gnuarm~1/102020~1/bin/../lib/gcc/arm-none-eabi/10.2.1/thumb/v6-m/nofp/crtbegin.o
                [!provide]                PROVIDE (__fini_array_end = .)
                0x0000123c                __etext = .
                0x0000123c                __DATA_ROM = .

.mtb            0x1ffffe00        0x0
                0x1ffffe00                . = ALIGN (0x8)
                0x1ffffe00                _mtb_start = .
 *(.mtb_buf)
                0x1ffffe00                . = ALIGN (0x8)
                0x1ffffe00                _mtb_end = .

.interrupts_ram
                0x1ffffe00        0x0
                0x1ffffe00                . = ALIGN (0x4)
                0x1ffffe00                __VECTOR_RAM__ = .
                0x1ffffe00                __interrupts_ram_start__ = .
 *(.m_interrupts_ram)
                0x1ffffe00                . = (. + M_VECTOR_RAM_SIZE)
                0x1ffffe00                . = ALIGN (0x4)
                0x1ffffe00                __interrupts_ram_end__ = .
                0x00000000                __VECTOR_RAM = DEFINED (__ram_vector_table__)?__VECTOR_RAM__:ORIGIN (m_interrupts)
                0x00000000                __RAM_VECTOR_TABLE_SIZE_BYTES = DEFINED (__ram_vector_table__)?(__interrupts_ram_end__ - __interrupts_ram_start__):0x0

.data           0x1ffffe00       0x68 load address 0x0000123c
                0x1ffffe00                . = ALIGN (0x4)
                0x1ffffe00                __DATA_RAM = .
                0x1ffffe00                __data_start__ = .
 *(.data)
 *(.data*)
 .data.SystemCoreClock
                0x1ffffe00        0x4 CMakeFiles/coursework_5_rx.dir/C_/Freescale/KSDK_1.3.0/TEST/platform/devices/MKL03Z4/startup/system_MKL03Z4.c.obj
                0x1ffffe00                SystemCoreClock
 .data.g_lpuartRxTxIrqId
                0x1ffffe04        0x1 ..\..\..\lib\ksdk_platform_lib\armgcc\KL03Z4\release\libksdk_platform.a(fsl_lpuart_common.c.obj)
                0x1ffffe04                g_lpuartRxTxIrqId
 *fill*         0x1ffffe05        0x3 
 .data.impure_data
                0x1ffffe08       0x60 c:/progra~2/gnuarm~1/102020~1/bin/../lib/gcc/arm-none-eabi/10.2.1/../../../../arm-none-eabi/lib/thumb/v6-m/nofp\libc_nano.a(lib_a-impure.o)
 *(.jcr*)
                0x1ffffe68                . = ALIGN (0x4)
                0x1ffffe68                __data_end__ = .
                0x000012a4                __DATA_END = (__DATA_ROM + (__data_end__ - __data_start__))
                0x00008000                text_end = (ORIGIN (m_text) + LENGTH (m_text))
                0x00000001                ASSERT ((__DATA_END <= text_end), region m_text overflowed with text and data)

.igot.plt       0x1ffffe68        0x0 load address 0x000012a4
 .igot.plt      0x1ffffe68        0x0 c:/progra~2/gnuarm~1/102020~1/bin/../lib/gcc/arm-none-eabi/10.2.1/thumb/v6-m/nofp/crtbegin.o

.bss            0x1ffffe68       0x28 load address 0x000012a4
                0x1ffffe68                . = ALIGN (0x4)
                0x1ffffe68                __START_BSS = .
                0x1ffffe68                __bss_start__ = .
 *(.bss)
 .bss           0x1ffffe68       0x1c c:/progra~2/gnuarm~1/102020~1/bin/../lib/gcc/arm-none-eabi/10.2.1/thumb/v6-m/nofp/crtbegin.o
 *(.bss*)
 .bss.g_lpuartStatePtr
                0x1ffffe84        0x4 ..\..\..\lib\ksdk_platform_lib\armgcc\KL03Z4\release\libksdk_platform.a(fsl_lpuart_common.c.obj)
                0x1ffffe84                g_lpuartStatePtr
 .bss.g_xtal0ClkFreq
                0x1ffffe88        0x4 ..\..\..\lib\ksdk_platform_lib\armgcc\KL03Z4\release\libksdk_platform.a(fsl_mcglite_hal.c.obj)
                0x1ffffe88                g_xtal0ClkFreq
 .bss.g_interruptDisableCount
                0x1ffffe8c        0x4 ..\..\..\lib\ksdk_platform_lib\armgcc\KL03Z4\release\libksdk_platform.a(fsl_interrupt_manager.c.obj)
                0x1ffffe8c                g_interruptDisableCount
 *(COMMON)
                0x1ffffe90                . = ALIGN (0x4)
                0x1ffffe90                __bss_end__ = .
                0x1ffffe90                __END_BSS = .

.heap           0x1ffffe90      0x200 load address 0x000012cc
                0x1ffffe90                . = ALIGN (0x8)
                0x1ffffe90                __end__ = .
                0x1ffffe90                PROVIDE (end = .)
                0x1ffffe90                __HeapBase = .
                0x20000090                . = (. + HEAP_SIZE)
 *fill*         0x1ffffe90      0x200 
                0x20000090                __HeapLimit = .

.stack          0x20000090      0x300 load address 0x000014cc
                0x20000090                . = ALIGN (0x8)
                0x20000390                . = (. + STACK_SIZE)
 *fill*         0x20000090      0x300 
                0x20000600                __StackTop = (ORIGIN (m_data) + LENGTH (m_data))
                0x20000300                __StackLimit = (__StackTop - STACK_SIZE)
                0x20000600                PROVIDE (__stack = __StackTop)

.ARM.attributes
                0x00000000       0x28
 *(.ARM.attributes)
 .ARM.attributes
                0x00000000       0x1e c:/progra~2/gnuarm~1/102020~1/bin/../lib/gcc/arm-none-eabi/10.2.1/thumb/v6-m/nofp/crti.o
 .ARM.attributes
                0x0000001e       0x2c c:/progra~2/gnuarm~1/102020~1/bin/../lib/gcc/arm-none-eabi/10.2.1/thumb/v6-m/nofp/crtbegin.o
 .ARM.attributes
                0x0000004a       0x1b c:/progra~2/gnuarm~1/102020~1/bin/../lib/gcc/arm-none-eabi/10.2.1/../../../../arm-none-eabi/lib/thumb/v6-m/nofp/crt0.o
 .ARM.attributes
                0x00000065       0x1b CMakeFiles/coursework_5_rx.dir/C_/Freescale/KSDK_1.3.0/TEST/platform/devices/MKL03Z4/startup/gcc/startup_MKL03Z4.S.obj
 .ARM.attributes
                0x00000080       0x2c CMakeFiles/coursework_5_rx.dir/C_/Freescale/KSDK_1.3.0/TEST/software/lpuart_non_blocking_Rx_CW5/coursework_rx_main.c.obj
 .ARM.attributes
                0x000000ac       0x2c CMakeFiles/coursework_5_rx.dir/C_/Freescale/KSDK_1.3.0/TEST/software/lpuart_non_blocking_Rx_CW5/fsl_lpuart_irq.c.obj
 .ARM.attributes
                0x000000d8       0x2c CMakeFiles/coursework_5_rx.dir/C_/Freescale/KSDK_1.3.0/TEST/software/lpuart_non_blocking_Rx_CW5/board.c.obj
 .ARM.attributes
                0x00000104       0x2c CMakeFiles/coursework_5_rx.dir/C_/Freescale/KSDK_1.3.0/TEST/platform/devices/MKL03Z4/startup/system_MKL03Z4.c.obj
 .ARM.attributes
                0x00000130       0x2c CMakeFiles/coursework_5_rx.dir/C_/Freescale/KSDK_1.3.0/TEST/platform/devices/startup.c.obj
 .ARM.attributes
                0x0000015c       0x2c ..\..\..\lib\ksdk_platform_lib\armgcc\KL03Z4\release\libksdk_platform.a(fsl_clock_manager.c.obj)
 .ARM.attributes
                0x00000188       0x32 ..\..\..\lib\ksdk_platform_lib\armgcc\KL03Z4\release\libksdk_platform.a(fsl_clock_manager_common.c.obj)
 .ARM.attributes
                0x000001ba       0x2c ..\..\..\lib\ksdk_platform_lib\armgcc\KL03Z4\release\libksdk_platform.a(fsl_clock_MKL03Z4.c.obj)
 .ARM.attributes
                0x000001e6       0x2c ..\..\..\lib\ksdk_platform_lib\armgcc\KL03Z4\release\libksdk_platform.a(fsl_lpuart_hal.c.obj)
 .ARM.attributes
                0x00000212       0x2c ..\..\..\lib\ksdk_platform_lib\armgcc\KL03Z4\release\libksdk_platform.a(fsl_lpuart_driver.c.obj)
 .ARM.attributes
                0x0000023e       0x32 ..\..\..\lib\ksdk_platform_lib\armgcc\KL03Z4\release\libksdk_platform.a(fsl_lpuart_common.c.obj)
 .ARM.attributes
                0x00000270       0x2c ..\..\..\lib\ksdk_platform_lib\armgcc\KL03Z4\release\libksdk_platform.a(fsl_mcglite_hal.c.obj)
 .ARM.attributes
                0x0000029c       0x2c ..\..\..\lib\ksdk_platform_lib\armgcc\KL03Z4\release\libksdk_platform.a(fsl_mcglite_hal_modes.c.obj)
 .ARM.attributes
                0x000002c8       0x2c ..\..\..\lib\ksdk_platform_lib\armgcc\KL03Z4\release\libksdk_platform.a(fsl_osc_hal.c.obj)
 .ARM.attributes
                0x000002f4       0x2c ..\..\..\lib\ksdk_platform_lib\armgcc\KL03Z4\release\libksdk_platform.a(fsl_sim_hal_MKL03Z4.c.obj)
 .ARM.attributes
                0x00000320       0x2c ..\..\..\lib\ksdk_platform_lib\armgcc\KL03Z4\release\libksdk_platform.a(fsl_os_abstraction_bm.c.obj)
 .ARM.attributes
                0x0000034c       0x2c ..\..\..\lib\ksdk_platform_lib\armgcc\KL03Z4\release\libksdk_platform.a(fsl_interrupt_manager.c.obj)
 .ARM.attributes
                0x00000378       0x2c c:/progra~2/gnuarm~1/102020~1/bin/../lib/gcc/arm-none-eabi/10.2.1/../../../../arm-none-eabi/lib/thumb/v6-m/nofp\libc_nano.a(lib_a-exit.o)
 .ARM.attributes
                0x000003a4       0x2c c:/progra~2/gnuarm~1/102020~1/bin/../lib/gcc/arm-none-eabi/10.2.1/../../../../arm-none-eabi/lib/thumb/v6-m/nofp\libc_nano.a(lib_a-impure.o)
 .ARM.attributes
                0x000003d0       0x2c c:/progra~2/gnuarm~1/102020~1/bin/../lib/gcc/arm-none-eabi/10.2.1/../../../../arm-none-eabi/lib/thumb/v6-m/nofp\libc_nano.a(lib_a-init.o)
 .ARM.attributes
                0x000003fc       0x2c c:/progra~2/gnuarm~1/102020~1/bin/../lib/gcc/arm-none-eabi/10.2.1/../../../../arm-none-eabi/lib/thumb/v6-m/nofp\libc_nano.a(lib_a-memset.o)
 .ARM.attributes
                0x00000428       0x1e c:/progra~2/gnuarm~1/102020~1/bin/../lib/gcc/arm-none-eabi/10.2.1/thumb/v6-m/nofp\libgcc.a(_thumb1_case_uqi.o)
 .ARM.attributes
                0x00000446       0x1e c:/progra~2/gnuarm~1/102020~1/bin/../lib/gcc/arm-none-eabi/10.2.1/thumb/v6-m/nofp\libgcc.a(_udivsi3.o)
 .ARM.attributes
                0x00000464       0x1e c:/progra~2/gnuarm~1/102020~1/bin/../lib/gcc/arm-none-eabi/10.2.1/thumb/v6-m/nofp\libgcc.a(_dvmd_tls.o)
 .ARM.attributes
                0x00000482       0x2c c:/progra~2/gnuarm~1/102020~1/bin/../lib/gcc/arm-none-eabi/10.2.1/../../../../arm-none-eabi/lib/thumb/v6-m/nofp\libnosys.a(_exit.o)
 .ARM.attributes
                0x000004ae       0x1e c:/progra~2/gnuarm~1/102020~1/bin/../lib/gcc/arm-none-eabi/10.2.1/thumb/v6-m/nofp/crtn.o
                0x00000001                ASSERT ((__StackLimit >= __HeapLimit), region m_data overflowed with stack and heap)
OUTPUT(release\coursework_5_rx.elf elf32-littlearm)
LOAD linker stubs

.comment        0x00000000       0x4d
 .comment       0x00000000       0x4d CMakeFiles/coursework_5_rx.dir/C_/Freescale/KSDK_1.3.0/TEST/software/lpuart_non_blocking_Rx_CW5/coursework_rx_main.c.obj
                                 0x4e (size before relaxing)
 .comment       0x0000004d       0x4e CMakeFiles/coursework_5_rx.dir/C_/Freescale/KSDK_1.3.0/TEST/software/lpuart_non_blocking_Rx_CW5/fsl_lpuart_irq.c.obj
 .comment       0x0000004d       0x4e CMakeFiles/coursework_5_rx.dir/C_/Freescale/KSDK_1.3.0/TEST/software/lpuart_non_blocking_Rx_CW5/board.c.obj
 .comment       0x0000004d       0x4e CMakeFiles/coursework_5_rx.dir/C_/Freescale/KSDK_1.3.0/TEST/platform/devices/MKL03Z4/startup/system_MKL03Z4.c.obj
 .comment       0x0000004d       0x4e CMakeFiles/coursework_5_rx.dir/C_/Freescale/KSDK_1.3.0/TEST/platform/devices/startup.c.obj
 .comment       0x0000004d       0x4e ..\..\..\lib\ksdk_platform_lib\armgcc\KL03Z4\release\libksdk_platform.a(fsl_clock_manager.c.obj)
 .comment       0x0000004d       0x4e ..\..\..\lib\ksdk_platform_lib\armgcc\KL03Z4\release\libksdk_platform.a(fsl_clock_manager_common.c.obj)
 .comment       0x0000004d       0x4e ..\..\..\lib\ksdk_platform_lib\armgcc\KL03Z4\release\libksdk_platform.a(fsl_clock_MKL03Z4.c.obj)
 .comment       0x0000004d       0x4e ..\..\..\lib\ksdk_platform_lib\armgcc\KL03Z4\release\libksdk_platform.a(fsl_lpuart_hal.c.obj)
 .comment       0x0000004d       0x4e ..\..\..\lib\ksdk_platform_lib\armgcc\KL03Z4\release\libksdk_platform.a(fsl_lpuart_driver.c.obj)
 .comment       0x0000004d       0x4e ..\..\..\lib\ksdk_platform_lib\armgcc\KL03Z4\release\libksdk_platform.a(fsl_lpuart_common.c.obj)
 .comment       0x0000004d       0x4e ..\..\..\lib\ksdk_platform_lib\armgcc\KL03Z4\release\libksdk_platform.a(fsl_mcglite_hal.c.obj)
 .comment       0x0000004d       0x4e ..\..\..\lib\ksdk_platform_lib\armgcc\KL03Z4\release\libksdk_platform.a(fsl_mcglite_hal_modes.c.obj)
 .comment       0x0000004d       0x4e ..\..\..\lib\ksdk_platform_lib\armgcc\KL03Z4\release\libksdk_platform.a(fsl_osc_hal.c.obj)
 .comment       0x0000004d       0x4e ..\..\..\lib\ksdk_platform_lib\armgcc\KL03Z4\release\libksdk_platform.a(fsl_sim_hal_MKL03Z4.c.obj)
 .comment       0x0000004d       0x4e ..\..\..\lib\ksdk_platform_lib\armgcc\KL03Z4\release\libksdk_platform.a(fsl_os_abstraction_bm.c.obj)
 .comment       0x0000004d       0x4e ..\..\..\lib\ksdk_platform_lib\armgcc\KL03Z4\release\libksdk_platform.a(fsl_interrupt_manager.c.obj)

.debug_frame    0x00000000       0xb4
 .debug_frame   0x00000000       0x28 c:/progra~2/gnuarm~1/102020~1/bin/../lib/gcc/arm-none-eabi/10.2.1/../../../../arm-none-eabi/lib/thumb/v6-m/nofp\libc_nano.a(lib_a-exit.o)
 .debug_frame   0x00000028       0x2c c:/progra~2/gnuarm~1/102020~1/bin/../lib/gcc/arm-none-eabi/10.2.1/../../../../arm-none-eabi/lib/thumb/v6-m/nofp\libc_nano.a(lib_a-init.o)
 .debug_frame   0x00000054       0x20 c:/progra~2/gnuarm~1/102020~1/bin/../lib/gcc/arm-none-eabi/10.2.1/../../../../arm-none-eabi/lib/thumb/v6-m/nofp\libc_nano.a(lib_a-memset.o)
 .debug_frame   0x00000074       0x20 c:/progra~2/gnuarm~1/102020~1/bin/../lib/gcc/arm-none-eabi/10.2.1/thumb/v6-m/nofp\libgcc.a(_udivsi3.o)
 .debug_frame   0x00000094       0x20 c:/progra~2/gnuarm~1/102020~1/bin/../lib/gcc/arm-none-eabi/10.2.1/../../../../arm-none-eabi/lib/thumb/v6-m/nofp\libnosys.a(_exit.o)
